Archive member included because of file (symbol)

c:/program files (x86)/microchip/xc32/v1.30/bin/../lib/gcc/pic32mx/4.5.2/../../../../pic32mx/lib\libmchp_peripheral_32MX320F128H.a(int_configure_system_lib.o)
                              build/default/production/_ext/1472/BOARD.o (INTConfigureSystem)
c:/program files (x86)/microchip/xc32/v1.30/bin/../lib/gcc/pic32mx/4.5.2/../../../../pic32mx/lib\libmchp_peripheral_32MX320F128H.a(int_enable_interrupts_lib.o)
                              build/default/production/_ext/1472/BOARD.o (INTEnableInterrupts)
c:/program files (x86)/microchip/xc32/v1.30/bin/../lib/gcc/pic32mx/4.5.2/../../../../pic32mx/lib\libmchp_peripheral_32MX320F128H.a(int_tbl_lib.o)
                              build/default/production/_ext/1472/AD.o (INTClearFlag)
c:/program files (x86)/microchip/xc32/v1.30/bin/../lib/gcc/pic32mx/4.5.2/../../../../pic32mx/lib\libmchp_peripheral_32MX320F128H.a(power_sleep_lib.o)
                              build/default/production/_ext/1472/AD.o (PowerSaveSleep)
c:/program files (x86)/microchip/xc32/v1.30/bin/../lib/gcc/pic32mx/4.5.2/../../../../pic32mx/lib\libmchp_peripheral_32MX320F128H.a(port_set_pins_digital_in_lib.o)
                              build/default/production/_ext/1472/BOARD.o (PORTSetPinsDigitalIn)
c:/program files (x86)/microchip/xc32/v1.30/bin/../lib/gcc/pic32mx/4.5.2/../../../../pic32mx/lib\libmchp_peripheral_32MX320F128H.a(_ports_tbl_libp.o)
                              c:/program files (x86)/microchip/xc32/v1.30/bin/../lib/gcc/pic32mx/4.5.2/../../../../pic32mx/lib\libmchp_peripheral_32MX320F128H.a(port_set_pins_digital_in_lib.o) (PortRegTbl)
c:/program files (x86)/microchip/xc32/v1.30/bin/../lib/gcc/pic32mx/4.5.2/../../../../pic32mx/lib\libmchp_peripheral_32MX320F128H.a(uart_lib.o)
                              build/default/production/_ext/1472/serial.o (UARTEnable)
c:/program files (x86)/microchip/xc32/v1.30/bin/../lib/gcc/pic32mx/4.5.2/../../../../pic32mx/lib\libmchp_peripheral_32MX320F128H.a(int_disable_interrupts_lib.o)
                              c:/program files (x86)/microchip/xc32/v1.30/bin/../lib/gcc/pic32mx/4.5.2/../../../../pic32mx/lib\libmchp_peripheral_32MX320F128H.a(power_sleep_lib.o) (INTDisableInterrupts)
c:/program files (x86)/microchip/xc32/v1.30/bin/../lib/gcc/pic32mx/4.5.2/../../../../pic32mx/lib\libmchp_peripheral_32MX320F128H.a(int_restore_interrupts_lib.o)
                              c:/program files (x86)/microchip/xc32/v1.30/bin/../lib/gcc/pic32mx/4.5.2/../../../../pic32mx/lib\libmchp_peripheral_32MX320F128H.a(power_sleep_lib.o) (INTRestoreInterrupts)
c:/program files (x86)/microchip/xc32/v1.30/bin/../lib/gcc/pic32mx/4.5.2\libgcc.a(floatunsisf.o)
                              build/default/production/TestHarness.o (__floatunsisf)
c:/program files (x86)/microchip/xc32/v1.30/bin/../lib/gcc/pic32mx/4.5.2/../../../../pic32mx/lib\libpic32.a(default-bootstrap-exception-handler.o)
                              c:/program files (x86)/microchip/xc32/v1.30/bin/../lib/gcc/pic32mx/4.5.2/../../../../pic32mx/lib/./proc/32MX320F128H/crt0_mips32r2.o (_bootstrap_exception_handler)
c:/program files (x86)/microchip/xc32/v1.30/bin/../lib/gcc/pic32mx/4.5.2/../../../../pic32mx/lib\libpic32.a(default-on-reset.o)
                              c:/program files (x86)/microchip/xc32/v1.30/bin/../lib/gcc/pic32mx/4.5.2/../../../../pic32mx/lib/./proc/32MX320F128H/crt0_mips32r2.o (_on_reset)
c:/program files (x86)/microchip/xc32/v1.30/bin/../lib/gcc/pic32mx/4.5.2/../../../../pic32mx/lib\libpic32.a(default-on-bootstrap.o)
                              c:/program files (x86)/microchip/xc32/v1.30/bin/../lib/gcc/pic32mx/4.5.2/../../../../pic32mx/lib/./proc/32MX320F128H/crt0_mips32r2.o (_on_bootstrap)
c:/program files (x86)/microchip/xc32/v1.30/bin/../lib/gcc/pic32mx/4.5.2/../../../../pic32mx/lib\libpic32.a(default-nmi-handler.o)
                              c:/program files (x86)/microchip/xc32/v1.30/bin/../lib/gcc/pic32mx/4.5.2/../../../../pic32mx/lib/./proc/32MX320F128H/crt0_mips32r2.o (_nmi_handler)
c:/program files (x86)/microchip/xc32/v1.30/bin/../lib/gcc/pic32mx/4.5.2/../../../../pic32mx/lib\libpic32.a(pic32_software_reset.o)
                              c:/program files (x86)/microchip/xc32/v1.30/bin/../lib/gcc/pic32mx/4.5.2/../../../../pic32mx/lib\libpic32.a(default-bootstrap-exception-handler.o) (__pic32_software_reset)
c:/program files (x86)/microchip/xc32/v1.30/bin/../lib/gcc/pic32mx/4.5.2/../../../../pic32mx/lib\libpic32.a(general-exception.o)
                              c:/program files (x86)/microchip/xc32/v1.30/bin/../lib/gcc/pic32mx/4.5.2/../../../../pic32mx/lib/./proc/32MX320F128H/crt0_mips32r2.o (_general_exception_context)
c:/program files (x86)/microchip/xc32/v1.30/bin/../lib/gcc/pic32mx/4.5.2/../../../../pic32mx/lib\libpic32.a(vector0.o)
[...]
Memory Configuration

Name             Origin             Length             Attributes
kseg0_program_mem 0x9d002000         0x0001d000         xr
kseg0_boot_mem   0x9d000490         0x00000970
exception_mem    0x9d001000         0x00001000
kseg1_boot_mem   0xbd000000         0x00000490
debug_exec_mem   0xbfc02000         0x00000ff0
config3          0xbfc02ff0         0x00000004
config2          0xbfc02ff4         0x00000004
config1          0xbfc02ff8         0x00000004
config0          0xbfc02ffc         0x00000004
kseg1_data_mem   0xa0000000         0x00004000         w !x
sfrs             0xbf800000         0x00100000
configsfrs       0xbfc02ff0         0x00000010
*default*        0x00000000         0xffffffff

Linker script and memory map

LOAD c:/program files (x86)/microchip/xc32/v1.30/bin/../lib/gcc/pic32mx/4.5.2/../../../../pic32mx/lib/./proc/32MX320F128H/crt0_mips32r2.o
LOAD build/default/production/TestHarness.o
LOAD build/default/production/_ext/1472/MotorDriver.o
LOAD build/default/production/_ext/1472/AD.o
LOAD build/default/production/_ext/1472/BOARD.o
LOAD build/default/production/_ext/1472/BotConfig.o
LOAD build/default/production/_ext/1472/IO_Ports.o
LOAD build/default/production/_ext/1472/pwm.o
LOAD build/default/production/_ext/1472/serial.o
LOAD build/default/production/_ext/1472/timers.o
                0x00000001                __MPLAB_BUILD = 0x1
LOAD c:/program files (x86)/microchip/xc32/v1.30/bin/../lib/gcc/pic32mx/4.5.2/../../../../pic32mx/lib/./proc/32MX320F128H\default_isr_vectors.o
                0x00000400                PROVIDE (_min_stack_size, 0x400)
LOAD c:/program files (x86)/microchip/xc32/v1.30/bin/../lib/gcc/pic32mx/4.5.2/../../../../pic32mx/lib/./proc/32MX320F128H\processor.o
START GROUP
LOAD c:/program files (x86)/microchip/xc32/v1.30/bin/../lib/gcc/pic32mx/4.5.2/../../../../pic32mx/lib\libmchp_peripheral.a
END GROUP
START GROUP
LOAD c:/program files (x86)/microchip/xc32/v1.30/bin/../lib/gcc/pic32mx/4.5.2/../../../../pic32mx/lib\libmchp_peripheral_32MX320F128H.a
END GROUP
                0x00000001                PROVIDE (_vector_spacing, 0x1)
                0x9d001000                _ebase_address = 0x9d001000
                0xbd000000                _RESET_ADDR = 0xbd000000
                0xbd000380                _BEV_EXCPT_ADDR = 0xbd000380
                0xbd000480                _DBG_EXCPT_ADDR = 0xbd000480
                0xbfc02000                _DBG_CODE_ADDR = 0xbfc02000
                0x00000ff0                _DBG_CODE_SIZE = 0xff0
                0x9d001180                _GEN_EXCPT_ADDR = (_ebase_address + 0x180)

.config_BFC02FF0
 *(.config_BFC02FF0)

.config_BFC02FF4
 *(.config_BFC02FF4)

.config_BFC02FF8
 *(.config_BFC02FF8)

.config_BFC02FFC
 *(.config_BFC02FFC)
                0xbfc02000                PROVIDE (_DBG_CODE_ADDR, 0xbfc02000)
                0x00000ff0                PROVIDE (_DBG_CODE_SIZE, 0xff0)

.reset          0xbd000000      0x1e0
 *(.reset)
 .reset         0xbd000000      0x1e0 c:/program files (x86)/microchip/xc32/v1.30/bin/../lib/gcc/pic32mx/4.5.2/../../../../pic32mx/lib/./proc/32MX320F128H/crt0_mips32r2.o
                0xbd000000                _reset
 *(.reset.startup)

.bev_excpt      0xbd000380       0x10
 *(.bev_handler)
 .bev_handler   0xbd000380       0x10 c:/program files (x86)/microchip/xc32/v1.30/bin/../lib/gcc/pic32mx/4.5.2/../../../../pic32mx/lib/./proc/32MX320F128H/crt0_mips32r2.o

.dbg_excpt      0xbd000480        0x0
                0xbd000480                . = (. + DEFINED (_DEBUGGER)?0x8:0x0)

.dbg_code       0xbfc02000        0x0
                0xbfc02000                . = (. + DEFINED (_DEBUGGER)?_DBG_CODE_SIZE:0x0)

.app_excpt      0x9d001180       0x10
 *(.gen_handler)
 .gen_handler   0x9d001180       0x10 c:/program files (x86)/microchip/xc32/v1.30/bin/../lib/gcc/pic32mx/4.5.2/../../../../pic32mx/lib/./proc/32MX320F128H/crt0_mips32r2.o

.vector_0       0x9d001200        0x8
 *(.vector_0)
 .vector_0      0x9d001200        0x8 c:/program files (x86)/microchip/xc32/v1.30/bin/../lib/gcc/pic32mx/4.5.2/../../../../pic32mx/lib\libpic32.a(vector0.o)
                0x9d001200                __vector_dispatch_0
                0x00000001                ASSERT (((_vector_spacing == 0x0) || (SIZEOF (.vector_0) <= (_vector_spacing << 0x5))), function at exception vector 0 too large)

.vector_1       0x9d001220        0x8
 *(.vector_1)
 .vector_1      0x9d001220        0x8 c:/program files (x86)/microchip/xc32/v1.30/bin/../lib/gcc/pic32mx/4.5.2/../../../../pic32mx/lib\libpic32.a(vector1.o)
                0x9d001220                __vector_dispatch_1
                0x00000001                ASSERT (((_vector_spacing == 0x0) || (SIZEOF (.vector_1) <= (_vector_spacing << 0x5))), function at exception vector 1 too large)

.vector_2       0x9d001240        0x8
 *(.vector_2)
 .vector_2      0x9d001240        0x8 c:/program files (x86)/microchip/xc32/v1.30/bin/../lib/gcc/pic32mx/4.5.2/../../../../pic32mx/lib\libpic32.a(vector2.o)
                0x9d001240                __vector_dispatch_2
                0x00000001                ASSERT (((_vector_spacing == 0x0) || (SIZEOF (.vector_2) <= (_vector_spacing << 0x5))), function at exception vector 2 too large)

.vector_3       0x9d001260        0x8
 *(.vector_3)
 .vector_3      0x9d001260        0x8 c:/program files (x86)/microchip/xc32/v1.30/bin/../lib/gcc/pic32mx/4.5.2/../../../../pic32mx/lib\libpic32.a(vector3.o)
                0x9d001260                __vector_dispatch_3
                0x00000001                ASSERT (((_vector_spacing == 0x0) || (SIZEOF (.vector_3) <= (_vector_spacing << 0x5))), function at exception vector 3 too large)

.vector_4       0x9d001280        0x8
 *(.vector_4)
 .vector_4      0x9d001280        0x8 c:/program files (x86)/microchip/xc32/v1.30/bin/../lib/gcc/pic32mx/4.5.2/../../../../pic32mx/lib\libpic32.a(vector4.o)
                0x9d001280                __vector_dispatch_4
                0x00000001                ASSERT (((_vector_spacing == 0x0) || (SIZEOF (.vector_4) <= (_vector_spacing << 0x5))), function at exception vector 4 too large)

.vector_5       0x9d0012a0        0x8
 *(.vector_5)
 .vector_5      0x9d0012a0        0x8 c:/program files (x86)/microchip/xc32/v1.30/bin/../lib/gcc/pic32mx/4.5.2/../../../../pic32mx/lib\libpic32.a(vector5.o)
                0x9d0012a0                __vector_dispatch_5
                0x00000001                ASSERT (((_vector_spacing == 0x0) || (SIZEOF (.vector_5) <= (_vector_spacing << 0x5))), function at exception vector 5 too large)

.vector_6       0x9d0012c0        0x8
 *(.vector_6)
 .vector_6      0x9d0012c0        0x8 c:/program files (x86)/microchip/xc32/v1.30/bin/../lib/gcc/pic32mx/4.5.2/../../../../pic32mx/lib\libpic32.a(vector6.o)
                0x9d0012c0                __vector_dispatch_6
                0x00000001                ASSERT (((_vector_spacing == 0x0) || (SIZEOF (.vector_6) <= (_vector_spacing << 0x5))), function at exception vector 6 too large)

.vector_7       0x9d0012e0        0x8
 *(.vector_7)
 .vector_7      0x9d0012e0        0x8 c:/program files (x86)/microchip/xc32/v1.30/bin/../lib/gcc/pic32mx/4.5.2/../../../../pic32mx/lib\libpic32.a(vector7.o)
                0x9d0012e0                __vector_dispatch_7
                0x00000001                ASSERT (((_vector_spacing == 0x0) || (SIZEOF (.vector_7) <= (_vector_spacing << 0x5))), function at exception vector 7 too large)

.vector_8       0x9d001300        0x8
 *(.vector_8)
 .vector_8      0x9d001300        0x8 c:/program files (x86)/microchip/xc32/v1.30/bin/../lib/gcc/pic32mx/4.5.2/../../../../pic32mx/lib\libpic32.a(vector8.o)
                0x9d001300                __vector_dispatch_8
                0x00000001                ASSERT (((_vector_spacing == 0x0) || (SIZEOF (.vector_8) <= (_vector_spacing << 0x5))), function at exception vector 8 too large)

.vector_9       0x9d001320        0x8
 *(.vector_9)
 .vector_9      0x9d001320        0x8 c:/program files (x86)/microchip/xc32/v1.30/bin/../lib/gcc/pic32mx/4.5.2/../../../../pic32mx/lib\libpic32.a(vector9.o)
                0x9d001320                __vector_dispatch_9
                0x00000001                ASSERT (((_vector_spacing == 0x0) || (SIZEOF (.vector_9) <= (_vector_spacing << 0x5))), function at exception vector 9 too large)

.vector_10      0x9d001340        0x8
 *(.vector_10)
 .vector_10     0x9d001340        0x8 c:/program files (x86)/microchip/xc32/v1.30/bin/../lib/gcc/pic32mx/4.5.2/../../../../pic32mx/lib\libpic32.a(vector10.o)
                0x9d001340                __vector_dispatch_10
                0x00000001                ASSERT (((_vector_spacing == 0x0) || (SIZEOF (.vector_10) <= (_vector_spacing << 0x5))), function at exception vector 10 too large)

.vector_11      0x9d001360        0x8
 *(.vector_11)
 .vector_11     0x9d001360        0x8 c:/program files (x86)/microchip/xc32/v1.30/bin/../lib/gcc/pic32mx/4.5.2/../../../../pic32mx/lib\libpic32.a(vector11.o)
                0x9d001360                __vector_dispatch_11
                0x00000001                ASSERT (((_vector_spacing == 0x0) || (SIZEOF (.vector_11) <= (_vector_spacing << 0x5))), function at exception vector 11 too large)

.vector_12      0x9d001380        0x8
 *(.vector_12)
 .vector_12     0x9d001380        0x8 c:/program files (x86)/microchip/xc32/v1.30/bin/../lib/gcc/pic32mx/4.5.2/../../../../pic32mx/lib\libpic32.a(vector12.o)
                0x9d001380                __vector_dispatch_12
                0x00000001                ASSERT (((_vector_spacing == 0x0) || (SIZEOF (.vector_12) <= (_vector_spacing << 0x5))), function at exception vector 12 too large)

.vector_13      0x9d0013a0        0x8
 *(.vector_13)
 .vector_13     0x9d0013a0        0x8 c:/program files (x86)/microchip/xc32/v1.30/bin/../lib/gcc/pic32mx/4.5.2/../../../../pic32mx/lib\libpic32.a(vector13.o)
                0x9d0013a0                __vector_dispatch_13
                0x00000001                ASSERT (((_vector_spacing == 0x0) || (SIZEOF (.vector_13) <= (_vector_spacing << 0x5))), function at exception vector 13 too large)

.vector_14      0x9d0013c0        0x8
 *(.vector_14)
 .vector_14     0x9d0013c0        0x8 c:/program files (x86)/microchip/xc32/v1.30/bin/../lib/gcc/pic32mx/4.5.2/../../../../pic32mx/lib\libpic32.a(vector14.o)
                0x9d0013c0                __vector_dispatch_14
                0x00000001                ASSERT (((_vector_spacing == 0x0) || (SIZEOF (.vector_14) <= (_vector_spacing << 0x5))), function at exception vector 14 too large)

.vector_15      0x9d0013e0        0x8
 *(.vector_15)
 .vector_15     0x9d0013e0        0x8 c:/program files (x86)/microchip/xc32/v1.30/bin/../lib/gcc/pic32mx/4.5.2/../../../../pic32mx/lib\libpic32.a(vector15.o)
                0x9d0013e0                __vector_dispatch_15
                0x00000001                ASSERT (((_vector_spacing == 0x0) || (SIZEOF (.vector_15) <= (_vector_spacing << 0x5))), function at exception vector 15 too large)

.vector_16      0x9d001400        0x8
 *(.vector_16)
 .vector_16     0x9d001400        0x8 c:/program files (x86)/microchip/xc32/v1.30/bin/../lib/gcc/pic32mx/4.5.2/../../../../pic32mx/lib\libpic32.a(vector16.o)
                0x9d001400                __vector_dispatch_16
                0x00000001                ASSERT (((_vector_spacing == 0x0) || (SIZEOF (.vector_16) <= (_vector_spacing << 0x5))), function at exception vector 16 too large)

.vector_17      0x9d001420        0x8
 *(.vector_17)
 .vector_17     0x9d001420        0x8 c:/program files (x86)/microchip/xc32/v1.30/bin/../lib/gcc/pic32mx/4.5.2/../../../../pic32mx/lib\libpic32.a(vector17.o)
                0x9d001420                __vector_dispatch_17
                0x00000001                ASSERT (((_vector_spacing == 0x0) || (SIZEOF (.vector_17) <= (_vector_spacing << 0x5))), function at exception vector 17 too large)

.vector_18      0x9d001440        0x8
 *(.vector_18)
 .vector_18     0x9d001440        0x8 c:/program files (x86)/microchip/xc32/v1.30/bin/../lib/gcc/pic32mx/4.5.2/../../../../pic32mx/lib\libpic32.a(vector18.o)
                0x9d001440                __vector_dispatch_18
                0x00000001                ASSERT (((_vector_spacing == 0x0) || (SIZEOF (.vector_18) <= (_vector_spacing << 0x5))), function at exception vector 18 too large)

.vector_19      0x9d001460        0x8
 *(.vector_19)
 .vector_19     0x9d001460        0x8 c:/program files (x86)/microchip/xc32/v1.30/bin/../lib/gcc/pic32mx/4.5.2/../../../../pic32mx/lib\libpic32.a(vector19.o)
                0x9d001460                __vector_dispatch_19
                0x00000001                ASSERT (((_vector_spacing == 0x0) || (SIZEOF (.vector_19) <= (_vector_spacing << 0x5))), function at exception vector 19 too large)

.vector_20      0x9d001480        0x8
 *(.vector_20)
 .vector_20     0x9d001480        0x8 build/default/production/_ext/1472/timers.o
                0x9d001480                __vector_dispatch_20
                0x00000001                ASSERT (((_vector_spacing == 0x0) || (SIZEOF (.vector_20) <= (_vector_spacing << 0x5))), function at exception vector 20 too large)

.vector_21      0x9d0014a0        0x8
 *(.vector_21)
 .vector_21     0x9d0014a0        0x8 c:/program files (x86)/microchip/xc32/v1.30/bin/../lib/gcc/pic32mx/4.5.2/../../../../pic32mx/lib\libpic32.a(vector21.o)
                0x9d0014a0                __vector_dispatch_21
                0x00000001                ASSERT (((_vector_spacing == 0x0) || (SIZEOF (.vector_21) <= (_vector_spacing << 0x5))), function at exception vector 21 too large)

.vector_22      0x9d0014c0        0x8
 *(.vector_22)
 .vector_22     0x9d0014c0        0x8 c:/program files (x86)/microchip/xc32/v1.30/bin/../lib/gcc/pic32mx/4.5.2/../../../../pic32mx/lib\libpic32.a(vector22.o)
                0x9d0014c0                __vector_dispatch_22
                0x00000001                ASSERT (((_vector_spacing == 0x0) || (SIZEOF (.vector_22) <= (_vector_spacing << 0x5))), function at exception vector 22 too large)

.vector_23      0x9d0014e0        0x8
 *(.vector_23)
 .vector_23     0x9d0014e0        0x8 c:/program files (x86)/microchip/xc32/v1.30/bin/../lib/gcc/pic32mx/4.5.2/../../../../pic32mx/lib\libpic32.a(vector23.o)
                0x9d0014e0                __vector_dispatch_23
                0x00000001                ASSERT (((_vector_spacing == 0x0) || (SIZEOF (.vector_23) <= (_vector_spacing << 0x5))), function at exception vector 23 too large)

.vector_24      0x9d001500        0x8
 *(.vector_24)
 .vector_24     0x9d001500        0x8 build/default/production/_ext/1472/serial.o
                0x9d001500                __vector_dispatch_24
                0x00000001                ASSERT (((_vector_spacing == 0x0) || (SIZEOF (.vector_24) <= (_vector_spacing << 0x5))), function at exception vector 24 too large)

.vector_25      0x9d001520        0x8
 *(.vector_25)
 .vector_25     0x9d001520        0x8 c:/program files (x86)/microchip/xc32/v1.30/bin/../lib/gcc/pic32mx/4.5.2/../../../../pic32mx/lib\libpic32.a(vector25.o)
                0x9d001520                __vector_dispatch_25
                0x00000001                ASSERT (((_vector_spacing == 0x0) || (SIZEOF (.vector_25) <= (_vector_spacing << 0x5))), function at exception vector 25 too large)

.vector_26      0x9d001540        0x8
 *(.vector_26)
 .vector_26     0x9d001540        0x8 c:/program files (x86)/microchip/xc32/v1.30/bin/../lib/gcc/pic32mx/4.5.2/../../../../pic32mx/lib\libpic32.a(vector26.o)
                0x9d001540                __vector_dispatch_26
                0x00000001                ASSERT (((_vector_spacing == 0x0) || (SIZEOF (.vector_26) <= (_vector_spacing << 0x5))), function at exception vector 26 too large)

.vector_27      0x9d001560        0x8
 *(.vector_27)
 .vector_27     0x9d001560        0x8 build/default/production/_ext/1472/AD.o
                0x9d001560                __vector_dispatch_27
                0x00000001                ASSERT (((_vector_spacing == 0x0) || (SIZEOF (.vector_27) <= (_vector_spacing << 0x5))), function at exception vector 27 too large)

.vector_28      0x9d001580        0x8
 *(.vector_28)
 .vector_28     0x9d001580        0x8 c:/program files (x86)/microchip/xc32/v1.30/bin/../lib/gcc/pic32mx/4.5.2/../../../../pic32mx/lib\libpic32.a(vector28.o)
                0x9d001580                __vector_dispatch_28
                0x00000001                ASSERT (((_vector_spacing == 0x0) || (SIZEOF (.vector_28) <= (_vector_spacing << 0x5))), function at exception vector 28 too large)

.vector_29      0x9d0015a0        0x8
 *(.vector_29)
 .vector_29     0x9d0015a0        0x8 c:/program files (x86)/microchip/xc32/v1.30/bin/../lib/gcc/pic32mx/4.5.2/../../../../pic32mx/lib\libpic32.a(vector29.o)
                0x9d0015a0                __vector_dispatch_29
                0x00000001                ASSERT (((_vector_spacing == 0x0) || (SIZEOF (.vector_29) <= (_vector_spacing << 0x5))), function at exception vector 29 too large)

.vector_30      0x9d0015c0        0x8
 *(.vector_30)
 .vector_30     0x9d0015c0        0x8 c:/program files (x86)/microchip/xc32/v1.30/bin/../lib/gcc/pic32mx/4.5.2/../../../../pic32mx/lib\libpic32.a(vector30.o)
                0x9d0015c0                __vector_dispatch_30
                0x00000001                ASSERT (((_vector_spacing == 0x0) || (SIZEOF (.vector_30) <= (_vector_spacing << 0x5))), function at exception vector 30 too large)

.vector_31      0x9d0015e0        0x8
 *(.vector_31)
 .vector_31     0x9d0015e0        0x8 c:/program files (x86)/microchip/xc32/v1.30/bin/../lib/gcc/pic32mx/4.5.2/../../../../pic32mx/lib\libpic32.a(vector31.o)
                0x9d0015e0                __vector_dispatch_31
                0x00000001                ASSERT (((_vector_spacing == 0x0) || (SIZEOF (.vector_31) <= (_vector_spacing << 0x5))), function at exception vector 31 too large)

.vector_32      0x9d001600        0x8
 *(.vector_32)
 .vector_32     0x9d001600        0x8 c:/program files (x86)/microchip/xc32/v1.30/bin/../lib/gcc/pic32mx/4.5.2/../../../../pic32mx/lib\libpic32.a(vector32.o)
                0x9d001600                __vector_dispatch_32
                0x00000001                ASSERT (((_vector_spacing == 0x0) || (SIZEOF (.vector_32) <= (_vector_spacing << 0x5))), function at exception vector 32 too large)

.vector_33      0x9d001620        0x8
 *(.vector_33)
 .vector_33     0x9d001620        0x8 c:/program files (x86)/microchip/xc32/v1.30/bin/../lib/gcc/pic32mx/4.5.2/../../../../pic32mx/lib\libpic32.a(vector33.o)
                0x9d001620                __vector_dispatch_33
                0x00000001                ASSERT (((_vector_spacing == 0x0) || (SIZEOF (.vector_33) <= (_vector_spacing << 0x5))), function at exception vector 33 too large)

.vector_34      0x9d001640        0x8
 *(.vector_34)
 .vector_34     0x9d001640        0x8 c:/program files (x86)/microchip/xc32/v1.30/bin/../lib/gcc/pic32mx/4.5.2/../../../../pic32mx/lib\libpic32.a(vector34.o)
                0x9d001640                __vector_dispatch_34
                0x00000001                ASSERT (((_vector_spacing == 0x0) || (SIZEOF (.vector_34) <= (_vector_spacing << 0x5))), function at exception vector 34 too large)

.vector_35      0x9d001660        0x8
 *(.vector_35)
 .vector_35     0x9d001660        0x8 c:/program files (x86)/microchip/xc32/v1.30/bin/../lib/gcc/pic32mx/4.5.2/../../../../pic32mx/lib\libpic32.a(vector35.o)
                0x9d001660                __vector_dispatch_35
                0x00000001                ASSERT (((_vector_spacing == 0x0) || (SIZEOF (.vector_35) <= (_vector_spacing << 0x5))), function at exception vector 35 too large)

.vector_36      0x9d001680        0x8
 *(.vector_36)
 .vector_36     0x9d001680        0x8 c:/program files (x86)/microchip/xc32/v1.30/bin/../lib/gcc/pic32mx/4.5.2/../../../../pic32mx/lib\libpic32.a(vector36.o)
                0x9d001680                __vector_dispatch_36
                0x00000001                ASSERT (((_vector_spacing == 0x0) || (SIZEOF (.vector_36) <= (_vector_spacing << 0x5))), function at exception vector 36 too large)

.vector_37      0x9d0016a0        0x8
 *(.vector_37)
 .vector_37     0x9d0016a0        0x8 c:/program files (x86)/microchip/xc32/v1.30/bin/../lib/gcc/pic32mx/4.5.2/../../../../pic32mx/lib\libpic32.a(vector37.o)
                0x9d0016a0                __vector_dispatch_37
                0x00000001                ASSERT (((_vector_spacing == 0x0) || (SIZEOF (.vector_37) <= (_vector_spacing << 0x5))), function at exception vector 37 too large)

.vector_38      0x9d0016c0        0x8
 *(.vector_38)
 .vector_38     0x9d0016c0        0x8 c:/program files (x86)/microchip/xc32/v1.30/bin/../lib/gcc/pic32mx/4.5.2/../../../../pic32mx/lib\libpic32.a(vector38.o)
                0x9d0016c0                __vector_dispatch_38
                0x00000001                ASSERT (((_vector_spacing == 0x0) || (SIZEOF (.vector_38) <= (_vector_spacing << 0x5))), function at exception vector 38 too large)

.vector_39      0x9d0016e0        0x8
 *(.vector_39)
 .vector_39     0x9d0016e0        0x8 c:/program files (x86)/microchip/xc32/v1.30/bin/../lib/gcc/pic32mx/4.5.2/../../../../pic32mx/lib\libpic32.a(vector39.o)
                0x9d0016e0                __vector_dispatch_39
                0x00000001                ASSERT (((_vector_spacing == 0x0) || (SIZEOF (.vector_39) <= (_vector_spacing << 0x5))), function at exception vector 39 too large)

.vector_40      0x9d001700        0x8
 *(.vector_40)
 .vector_40     0x9d001700        0x8 c:/program files (x86)/microchip/xc32/v1.30/bin/../lib/gcc/pic32mx/4.5.2/../../../../pic32mx/lib\libpic32.a(vector40.o)
                0x9d001700                __vector_dispatch_40
                0x00000001                ASSERT (((_vector_spacing == 0x0) || (SIZEOF (.vector_40) <= (_vector_spacing << 0x5))), function at exception vector 40 too large)

.vector_41      0x9d001720        0x8
 *(.vector_41)
 .vector_41     0x9d001720        0x8 c:/program files (x86)/microchip/xc32/v1.30/bin/../lib/gcc/pic32mx/4.5.2/../../../../pic32mx/lib\libpic32.a(vector41.o)
                0x9d001720                __vector_dispatch_41
                0x00000001                ASSERT (((_vector_spacing == 0x0) || (SIZEOF (.vector_41) <= (_vector_spacing << 0x5))), function at exception vector 41 too large)

.vector_42      0x9d001740        0x8
 *(.vector_42)
 .vector_42     0x9d001740        0x8 c:/program files (x86)/microchip/xc32/v1.30/bin/../lib/gcc/pic32mx/4.5.2/../../../../pic32mx/lib\libpic32.a(vector42.o)
                0x9d001740                __vector_dispatch_42
                0x00000001                ASSERT (((_vector_spacing == 0x0) || (SIZEOF (.vector_42) <= (_vector_spacing << 0x5))), function at exception vector 42 too large)

.vector_43      0x9d001760        0x8
 *(.vector_43)
 .vector_43     0x9d001760        0x8 c:/program files (x86)/microchip/xc32/v1.30/bin/../lib/gcc/pic32mx/4.5.2/../../../../pic32mx/lib\libpic32.a(vector43.o)
                0x9d001760                __vector_dispatch_43
                0x00000001                ASSERT (((_vector_spacing == 0x0) || (SIZEOF (.vector_43) <= (_vector_spacing << 0x5))), function at exception vector 43 too large)

.vector_44      0x9d001780        0x8
 *(.vector_44)
 .vector_44     0x9d001780        0x8 c:/program files (x86)/microchip/xc32/v1.30/bin/../lib/gcc/pic32mx/4.5.2/../../../../pic32mx/lib\libpic32.a(vector44.o)
                0x9d001780                __vector_dispatch_44
                0x00000001                ASSERT (((_vector_spacing == 0x0) || (SIZEOF (.vector_44) <= (_vector_spacing << 0x5))), function at exception vector 44 too large)

.vector_45      0x9d0017a0        0x8
 *(.vector_45)
 .vector_45     0x9d0017a0        0x8 c:/program files (x86)/microchip/xc32/v1.30/bin/../lib/gcc/pic32mx/4.5.2/../../../../pic32mx/lib\libpic32.a(vector45.o)
                0x9d0017a0                __vector_dispatch_45
                0x00000001                ASSERT (((_vector_spacing == 0x0) || (SIZEOF (.vector_45) <= (_vector_spacing << 0x5))), function at exception vector 45 too large)

.vector_46      0x9d0017c0        0x8
 *(.vector_46)
 .vector_46     0x9d0017c0        0x8 c:/program files (x86)/microchip/xc32/v1.30/bin/../lib/gcc/pic32mx/4.5.2/../../../../pic32mx/lib\libpic32.a(vector46.o)
                0x9d0017c0                __vector_dispatch_46
                0x00000001                ASSERT (((_vector_spacing == 0x0) || (SIZEOF (.vector_46) <= (_vector_spacing << 0x5))), function at exception vector 46 too large)

.vector_47      0x9d0017e0        0x8
 *(.vector_47)
 .vector_47     0x9d0017e0        0x8 c:/program files (x86)/microchip/xc32/v1.30/bin/../lib/gcc/pic32mx/4.5.2/../../../../pic32mx/lib\libpic32.a(vector47.o)
                0x9d0017e0                __vector_dispatch_47
                0x00000001                ASSERT (((_vector_spacing == 0x0) || (SIZEOF (.vector_47) <= (_vector_spacing << 0x5))), function at exception vector 47 too large)

.vector_48      0x9d001800        0x8
 *(.vector_48)
 .vector_48     0x9d001800        0x8 c:/program files (x86)/microchip/xc32/v1.30/bin/../lib/gcc/pic32mx/4.5.2/../../../../pic32mx/lib\libpic32.a(vector48.o)
                0x9d001800                __vector_dispatch_48
                0x00000001                ASSERT (((_vector_spacing == 0x0) || (SIZEOF (.vector_48) <= (_vector_spacing << 0x5))), function at exception vector 48 too large)

.vector_49      0x9d001820        0x8
 *(.vector_49)
 .vector_49     0x9d001820        0x8 c:/program files (x86)/microchip/xc32/v1.30/bin/../lib/gcc/pic32mx/4.5.2/../../../../pic32mx/lib\libpic32.a(vector49.o)
                0x9d001820                __vector_dispatch_49
                0x00000001                ASSERT (((_vector_spacing == 0x0) || (SIZEOF (.vector_49) <= (_vector_spacing << 0x5))), function at exception vector 49 too large)

.vector_50      0x9d001840        0x8
 *(.vector_50)
 .vector_50     0x9d001840        0x8 c:/program files (x86)/microchip/xc32/v1.30/bin/../lib/gcc/pic32mx/4.5.2/../../../../pic32mx/lib\libpic32.a(vector50.o)
                0x9d001840                __vector_dispatch_50
                0x00000001                ASSERT (((_vector_spacing == 0x0) || (SIZEOF (.vector_50) <= (_vector_spacing << 0x5))), function at exception vector 50 too large)

.vector_51      0x9d001860        0x8
 *(.vector_51)
 .vector_51     0x9d001860        0x8 c:/program files (x86)/microchip/xc32/v1.30/bin/../lib/gcc/pic32mx/4.5.2/../../../../pic32mx/lib\libpic32.a(vector51.o)
                0x9d001860                __vector_dispatch_51
                0x00000001                ASSERT (((_vector_spacing == 0x0) || (SIZEOF (.vector_51) <= (_vector_spacing << 0x5))), function at exception vector 51 too large)

.vector_52      0x9d001880        0x8
 *(.vector_52)
 .vector_52     0x9d001880        0x8 c:/program files (x86)/microchip/xc32/v1.30/bin/../lib/gcc/pic32mx/4.5.2/../../../../pic32mx/lib\libpic32.a(vector52.o)
                0x9d001880                __vector_dispatch_52
                0x00000001                ASSERT (((_vector_spacing == 0x0) || (SIZEOF (.vector_52) <= (_vector_spacing << 0x5))), function at exception vector 52 too large)

.vector_53      0x9d0018a0        0x8
 *(.vector_53)
 .vector_53     0x9d0018a0        0x8 c:/program files (x86)/microchip/xc32/v1.30/bin/../lib/gcc/pic32mx/4.5.2/../../../../pic32mx/lib\libpic32.a(vector53.o)
                0x9d0018a0                __vector_dispatch_53
                0x00000001                ASSERT (((_vector_spacing == 0x0) || (SIZEOF (.vector_53) <= (_vector_spacing << 0x5))), function at exception vector 53 too large)

.vector_54      0x9d0018c0        0x8
 *(.vector_54)
 .vector_54     0x9d0018c0        0x8 c:/program files (x86)/microchip/xc32/v1.30/bin/../lib/gcc/pic32mx/4.5.2/../../../../pic32mx/lib\libpic32.a(vector54.o)
                0x9d0018c0                __vector_dispatch_54
                0x00000001                ASSERT (((_vector_spacing == 0x0) || (SIZEOF (.vector_54) <= (_vector_spacing << 0x5))), function at exception vector 54 too large)

.vector_55      0x9d0018e0        0x8
 *(.vector_55)
 .vector_55     0x9d0018e0        0x8 c:/program files (x86)/microchip/xc32/v1.30/bin/../lib/gcc/pic32mx/4.5.2/../../../../pic32mx/lib\libpic32.a(vector55.o)
                0x9d0018e0                __vector_dispatch_55
                0x00000001                ASSERT (((_vector_spacing == 0x0) || (SIZEOF (.vector_55) <= (_vector_spacing << 0x5))), function at exception vector 55 too large)

.vector_56      0x9d001900        0x8
 *(.vector_56)
 .vector_56     0x9d001900        0x8 c:/program files (x86)/microchip/xc32/v1.30/bin/../lib/gcc/pic32mx/4.5.2/../../../../pic32mx/lib\libpic32.a(vector56.o)
                0x9d001900                __vector_dispatch_56
                0x00000001                ASSERT (((_vector_spacing == 0x0) || (SIZEOF (.vector_56) <= (_vector_spacing << 0x5))), function at exception vector 56 too large)

.vector_57      0x9d001920        0x8
 *(.vector_57)
 .vector_57     0x9d001920        0x8 c:/program files (x86)/microchip/xc32/v1.30/bin/../lib/gcc/pic32mx/4.5.2/../../../../pic32mx/lib\libpic32.a(vector57.o)
                0x9d001920                __vector_dispatch_57
                0x00000001                ASSERT (((_vector_spacing == 0x0) || (SIZEOF (.vector_57) <= (_vector_spacing << 0x5))), function at exception vector 57 too large)

.vector_58      0x9d001940        0x8
 *(.vector_58)
 .vector_58     0x9d001940        0x8 c:/program files (x86)/microchip/xc32/v1.30/bin/../lib/gcc/pic32mx/4.5.2/../../../../pic32mx/lib\libpic32.a(vector58.o)
                0x9d001940                __vector_dispatch_58
                0x00000001                ASSERT (((_vector_spacing == 0x0) || (SIZEOF (.vector_58) <= (_vector_spacing << 0x5))), function at exception vector 58 too large)

.vector_59      0x9d001960        0x8
 *(.vector_59)
 .vector_59     0x9d001960        0x8 c:/program files (x86)/microchip/xc32/v1.30/bin/../lib/gcc/pic32mx/4.5.2/../../../../pic32mx/lib\libpic32.a(vector59.o)
                0x9d001960                __vector_dispatch_59
                0x00000001                ASSERT (((_vector_spacing == 0x0) || (SIZEOF (.vector_59) <= (_vector_spacing << 0x5))), function at exception vector 59 too large)

.vector_60      0x9d001980        0x8
 *(.vector_60)
 .vector_60     0x9d001980        0x8 c:/program files (x86)/microchip/xc32/v1.30/bin/../lib/gcc/pic32mx/4.5.2/../../../../pic32mx/lib\libpic32.a(vector60.o)
                0x9d001980                __vector_dispatch_60
                0x00000001                ASSERT (((_vector_spacing == 0x0) || (SIZEOF (.vector_60) <= (_vector_spacing << 0x5))), function at exception vector 60 too large)

.vector_61      0x9d0019a0        0x8
 *(.vector_61)
 .vector_61     0x9d0019a0        0x8 c:/program files (x86)/microchip/xc32/v1.30/bin/../lib/gcc/pic32mx/4.5.2/../../../../pic32mx/lib\libpic32.a(vector61.o)
                0x9d0019a0                __vector_dispatch_61
                0x00000001                ASSERT (((_vector_spacing == 0x0) || (SIZEOF (.vector_61) <= (_vector_spacing << 0x5))), function at exception vector 61 too large)

.vector_62      0x9d0019c0        0x8
 *(.vector_62)
 .vector_62     0x9d0019c0        0x8 c:/program files (x86)/microchip/xc32/v1.30/bin/../lib/gcc/pic32mx/4.5.2/../../../../pic32mx/lib\libpic32.a(vector62.o)
                0x9d0019c0                __vector_dispatch_62
                0x00000001                ASSERT (((_vector_spacing == 0x0) || (SIZEOF (.vector_62) <= (_vector_spacing << 0x5))), function at exception vector 62 too large)

.vector_63      0x9d0019e0        0x8
 *(.vector_63)
 .vector_63     0x9d0019e0        0x8 c:/program files (x86)/microchip/xc32/v1.30/bin/../lib/gcc/pic32mx/4.5.2/../../../../pic32mx/lib\libpic32.a(vector63.o)
                0x9d0019e0                __vector_dispatch_63
                0x00000001                ASSERT (((_vector_spacing == 0x0) || (SIZEOF (.vector_63) <= (_vector_spacing << 0x5))), function at exception vector 63 too large)

.startup
 *(.startup)

.text           0x9d002000        0x0
 *(.stub .gnu.linkonce.t.*)
 *(.text.*personality*)
 *(.mips16.fn.*)
 *(.mips16.call.*)
 *(.gnu.warning)
                0x9d002000                . = ALIGN (0x4)

.init           0x9d002000        0x0
 *crti.o(.init)
 *crtbegin.o(.init)
 *(EXCLUDE_FILE(*crtn.o *crtend?.o *crtend.o) .init)
 *crtend.o(.init)
 *crtn.o(.init)
                0x9d002000                . = ALIGN (0x4)

.fini           0x9d002000        0x0
 *(.fini)
                0x9d002000                . = ALIGN (0x4)

.preinit_array  0x9d002000        0x0
                0x9d002000                PROVIDE (__preinit_array_start, .)
 *(.preinit_array)
                0x9d002000                PROVIDE (__preinit_array_end, .)
                0x9d002000                . = ALIGN (0x4)

.init_array     0x9d002000        0x0
                0x9d002000                PROVIDE (__init_array_start, .)
 *(SORT(.init_array.*))
 *(.init_array)
                0x9d002000                PROVIDE (__init_array_end, .)
                0x9d002000                . = ALIGN (0x4)

.fini_array     0x9d002000        0x0
                0x9d002000                PROVIDE (__fini_array_start, .)
 *(SORT(.fini_array.*))
 *(.fini_array)
                0x9d002000                PROVIDE (__fini_array_end, .)
                0x9d002000                . = ALIGN (0x4)

.ctors          0x9d002000        0x0
 *crtbegin.o(.ctors)
 *crtbegin?.o(.ctors)
 *(EXCLUDE_FILE(*crtend?.o *crtend.o) .ctors)
 *(SORT(.ctors.*))
 *(.ctors)
                0x9d002000                . = ALIGN (0x4)

.dtors          0x9d002000        0x0
 *crtbegin.o(.dtors)
 *crtbegin?.o(.dtors)
 *(EXCLUDE_FILE(*crtend?.o *crtend.o) .dtors)
 *(SORT(.dtors.*))
 *(.dtors)
                0x9d002000                . = ALIGN (0x4)

.rodata         0x9d002000        0x0
 *(.gnu.linkonce.r.*)
 *(.rodata1)
                0x9d002000                . = ALIGN (0x4)

.sdata2         0x9d000490        0x0
 *(.sdata2 .sdata2.* .gnu.linkonce.s2.*)
                0x9d000490                . = ALIGN (0x4)

.sbss2          0x9d000490        0x0
 *(.sbss2 .sbss2.* .gnu.linkonce.sb2.*)
                0x9d000490                . = ALIGN (0x4)

.eh_frame_hdr
 *(.eh_frame_hdr)
                0x9d000490                . = ALIGN (0x4)

.eh_frame
 *(.eh_frame)
                0x9d000490                . = ALIGN (0x4)

.gcc_except_table
 *(.gcc_except_table .gcc_except_table.*)
                0x9d000490                . = ALIGN (0x4)

.dbg_data       0xa0000000        0x0
                0xa0000000                . = (. + DEFINED (_DEBUGGER)?0x200:0x0)

.jcr            0xa0000000        0x0
 *(.jcr)
                0xa0000000                . = ALIGN (0x4)

.eh_frame       0xa0000000       0x30
 *(.eh_frame)
 .eh_frame      0xa0000000       0x20 c:/program files (x86)/microchip/xc32/v1.30/bin/../lib/gcc/pic32mx/4.5.2\libgcc.a(_udivdi3.o)
 .eh_frame      0xa0000020       0x10 c:/program files (x86)/microchip/xc32/v1.30/bin/../lib/gcc/pic32mx/4.5.2\libgcc.a(_umoddi3.o)
                0xa0000030                . = ALIGN (0x4)

.gcc_except_table
 *(.gcc_except_table .gcc_except_table.*)
                0xa0000030                . = ALIGN (0x4)

.persist        0xa0000030        0x0
                0xa0000030                _persist_begin = .
 *(.persist .persist.*)
 *(.pbss .pbss.*)
                0xa0000030                . = ALIGN (0x4)
                0xa0000030                _persist_end = .

.data           0xa0000030        0x0
 *(.gnu.linkonce.d.*)
 *(.data1)
                0xa0000030                . = ALIGN (0x4)
                0xa0000030                . = .
                0xa0008020                _gp = (ALIGN (0x10) + 0x7ff0)

.got            0xa0000030        0x0
 *(.got.plt)
 *(.got)
                0xa0000030                . = ALIGN (0x4)

.sdata          0xa0000030       0x14
                0xa0000030                _sdata_begin = .
 *(.sdata .sdata.* .gnu.linkonce.s.*)
 .sdata         0xa0000030        0x8 build/default/production/TestHarness.o
                0xa0000030                TURN_TIME_MS
                0xa0000034                TEST_SPEED
 .sdata         0xa0000038        0x8 build/default/production/_ext/1472/AD.o
 .sdata         0xa0000040        0x4 c:/program files (x86)/microchip/xc32/v1.30/bin/../lib/gcc/pic32mx/4.5.2/../../../../pic32mx/lib\libc.a(_iob.o)
                0xa0000040                _Files
                0xa0000044                . = ALIGN (0x4)
                0xa0000044                _sdata_end = .

.lit8
 *(.lit8)

.lit4
 *(.lit4)
                0xa0000044                . = ALIGN (0x4)
                0xa0000044                _data_end = .
                0xa0000044                _bss_begin = .

.sbss           0xa0000044       0x54
                0xa0000044                _sbss_begin = .
 *(.dynsbss)
 *(.sbss .sbss.* .gnu.linkonce.sb.*)
 .sbss          0xa0000044       0x28 build/default/production/_ext/1472/AD.o
 .sbss          0xa000006c       0x10 build/default/production/_ext/1472/pwm.o
 .sbss          0xa000007c        0x4 build/default/production/_ext/1472/serial.o
 .sbss          0xa0000080        0xc build/default/production/_ext/1472/timers.o
 .sbss          0xa000008c        0x1 c:/program files (x86)/microchip/xc32/v1.30/bin/../lib/gcc/pic32mx/4.5.2/../../../../pic32mx/lib\libc.a(_iob.o)
                0xa000008c                _outdone
 *(.scommon)
 *fill*         0xa000008d        0x3 
 .scommon       0xa0000090        0x8 build/default/production/_ext/1472/serial.o
                0xa0000090                transmitBuffer
                0xa0000094                receiveBuffer
                0xa0000098                _sbss_end = .
                0xa0000098                . = ALIGN (0x4)

.bss            0xa0000098      0x420
 *(.dynbss)
 *(COMMON)
 COMMON         0xa0000098      0x420 build/default/production/_ext/1472/serial.o
                0xa0000098                outgoingUart
                0xa00002a8                incomingUart
                0xa00004b8                . = ALIGN ((. != 0x0)?0x4:0x1)
                0xa00004b8                . = ALIGN (0x4)
                0xa00004b8                _end = .
                0xa00004b8                _bss_end = .
                0x00004000                _bmxdudba_address = 0x4000
                0x00004000                _bmxdupba_address = 0x4000

/DISCARD/
 *(.pdr)
 *(.rel.dyn)
 *(.note.GNU-stack)
 *(.note.GNU-stack)
 *(.gnu_debuglink)
 *(.gnu.lto_*)
 *(.discard)

.gptab.sdata
 *(.gptab.data)
 *(.gptab.sdata)

.gptab.sbss
 *(.gptab.bss)
 *(.gptab.sbss)

.mdebug.abi32   0xa00004b8        0x0
 *(.mdebug.abi32)
 .mdebug.abi32  0xa00004b8        0x0 build/default/production/TestHarness.o
 .mdebug.abi32  0xa00004b8        0x0 build/default/production/_ext/1472/MotorDriver.o
 .mdebug.abi32  0xa00004b8        0x0 build/default/production/_ext/1472/AD.o
 .mdebug.abi32  0xa00004b8        0x0 build/default/production/_ext/1472/BOARD.o
 .mdebug.abi32  0xa00004b8        0x0 build/default/production/_ext/1472/BotConfig.o
 .mdebug.abi32  0xa00004b8        0x0 build/default/production/_ext/1472/IO_Ports.o
 .mdebug.abi32  0xa00004b8        0x0 build/default/production/_ext/1472/pwm.o
 .mdebug.abi32  0xa00004b8        0x0 build/default/production/_ext/1472/serial.o
 .mdebug.abi32  0xa00004b8        0x0 build/default/production/_ext/1472/timers.o
 .mdebug.abi32  0xa00004b8        0x0 c:/program files (x86)/microchip/xc32/v1.30/bin/../lib/gcc/pic32mx/4.5.2/../../../../pic32mx/lib\libmchp_peripheral_32MX320F128H.a(int_configure_system_lib.o)
 .mdebug.abi32  0xa00004b8        0x0 c:/program files (x86)/microchip/xc32/v1.30/bin/../lib/gcc/pic32mx/4.5.2/../../../../pic32mx/lib\libmchp_peripheral_32MX320F128H.a(int_enable_interrupts_lib.o)
 .mdebug.abi32  0xa00004b8        0x0 c:/program files (x86)/microchip/xc32/v1.30/bin/../lib/gcc/pic32mx/4.5.2/../../../../pic32mx/lib\libmchp_peripheral_32MX320F128H.a(int_tbl_lib.o)
 .mdebug.abi32  0xa00004b8        0x0 c:/program files (x86)/microchip/xc32/v1.30/bin/../lib/gcc/pic32mx/4.5.2/../../../../pic32mx/lib\libmchp_peripheral_32MX320F128H.a(power_sleep_lib.o)
 .mdebug.abi32  0xa00004b8        0x0 c:/program files (x86)/microchip/xc32/v1.30/bin/../lib/gcc/pic32mx/4.5.2/../../../../pic32mx/lib\libmchp_peripheral_32MX320F128H.a(port_set_pins_digital_in_lib.o)
 .mdebug.abi32  0xa00004b8        0x0 c:/program files (x86)/microchip/xc32/v1.30/bin/../lib/gcc/pic32mx/4.5.2/../../../../pic32mx/lib\libmchp_peripheral_32MX320F128H.a(_ports_tbl_libp.o)
 .mdebug.abi32  0xa00004b8        0x0 c:/program files (x86)/microchip/xc32/v1.30/bin/../lib/gcc/pic32mx/4.5.2/../../../../pic32mx/lib\libmchp_peripheral_32MX320F128H.a(uart_lib.o)
 .mdebug.abi32  0xa00004b8        0x0 c:/program files (x86)/microchip/xc32/v1.30/bin/../lib/gcc/pic32mx/4.5.2/../../../../pic32mx/lib\libmchp_peripheral_32MX320F128H.a(int_disable_interrupts_lib.o)
 .mdebug.abi32  0xa00004b8        0x0 c:/program files (x86)/microchip/xc32/v1.30/bin/../lib/gcc/pic32mx/4.5.2/../../../../pic32mx/lib\libmchp_peripheral_32MX320F128H.a(int_restore_interrupts_lib.o)
 .mdebug.abi32  0xa00004b8        0x0 c:/program files (x86)/microchip/xc32/v1.30/bin/../lib/gcc/pic32mx/4.5.2\libgcc.a(floatunsisf.o)
 .mdebug.abi32  0xa00004b8        0x0 c:/program files (x86)/microchip/xc32/v1.30/bin/../lib/gcc/pic32mx/4.5.2/../../../../pic32mx/lib\libpic32.a(default-bootstrap-exception-handler.o)
 .mdebug.abi32  0xa00004b8        0x0 c:/program files (x86)/microchip/xc32/v1.30/bin/../lib/gcc/pic32mx/4.5.2/../../../../pic32mx/lib\libpic32.a(default-on-reset.o)
 .mdebug.abi32  0xa00004b8        0x0 c:/program files (x86)/microchip/xc32/v1.30/bin/../lib/gcc/pic32mx/4.5.2/../../../../pic32mx/lib\libpic32.a(default-on-bootstrap.o)
 .mdebug.abi32  0xa00004b8        0x0 c:/program files (x86)/microchip/xc32/v1.30/bin/../lib/gcc/pic32mx/4.5.2/../../../../pic32mx/lib\libpic32.a(default-general-exception-handler.o)
 .mdebug.abi32  0xa00004b8        0x0 c:/program files (x86)/microchip/xc32/v1.30/bin/../lib/gcc/pic32mx/4.5.2/../../../../pic32mx/lib\libpic32.a(defaultinterrupt.o)
 .mdebug.abi32  0xa00004b8        0x0 c:/program files (x86)/microchip/xc32/v1.30/bin/../lib/gcc/pic32mx/4.5.2/../../../../pic32mx/lib\libc.a(printf_cdfFnopuxX.eo)
 .mdebug.abi32  0xa00004b8        0x0 c:/program files (x86)/microchip/xc32/v1.30/bin/../lib/gcc/pic32mx/4.5.2/../../../../pic32mx/lib\libc.a(_iob.o)
 .mdebug.abi32  0xa00004b8        0x0 c:/program files (x86)/microchip/xc32/v1.30/bin/../lib/gcc/pic32mx/4.5.2/../../../../pic32mx/lib\libc.a(doprnt_cdfFnopuxX.eo)
 .mdebug.abi32  0xa00004b8        0x0 c:/program files (x86)/microchip/xc32/v1.30/bin/../lib/gcc/pic32mx/4.5.2/../../../../pic32mx/lib\libc.a(_fputc_simple.o)
 .mdebug.abi32  0xa00004b8        0x0 c:/program files (x86)/microchip/xc32/v1.30/bin/../lib/gcc/pic32mx/4.5.2/../../../../pic32mx/lib\libc.a(ctype.o)
 .mdebug.abi32  0xa00004b8        0x0 c:/program files (x86)/microchip/xc32/v1.30/bin/../lib/gcc/pic32mx/4.5.2/../../../../pic32mx/lib\libc.a(powersf.o)
 .mdebug.abi32  0xa00004b8        0x0 c:/program files (x86)/microchip/xc32/v1.30/bin/../lib/gcc/pic32mx/4.5.2/../../../../pic32mx/lib\libc.a(_flsbuf_simple.o)
 .mdebug.abi32  0xa00004b8        0x0 c:/program files (x86)/microchip/xc32/v1.30/bin/../lib/gcc/pic32mx/4.5.2/../../../../pic32mx/lib\libpic32.a(write.o)
 .mdebug.abi32  0xa00004b8        0x0 c:/program files (x86)/microchip/xc32/v1.30/bin/../lib/gcc/pic32mx/4.5.2/../../../../pic32mx/lib\libe.a(_floatdisf.o)
 .mdebug.abi32  0xa00004b8        0x0 c:/program files (x86)/microchip/xc32/v1.30/bin/../lib/gcc/pic32mx/4.5.2\libgcc.a(_floatundisf.o)
 .mdebug.abi32  0xa00004b8        0x0 c:/program files (x86)/microchip/xc32/v1.30/bin/../lib/gcc/pic32mx/4.5.2\libgcc.a(_udivdi3.o)
 .mdebug.abi32  0xa00004b8        0x0 c:/program files (x86)/microchip/xc32/v1.30/bin/../lib/gcc/pic32mx/4.5.2\libgcc.a(_umoddi3.o)

.mdebug.abiN32
 *(.mdebug.abiN32)

.mdebug.abi64
 *(.mdebug.abi64)

.mdebug.abiO64
 *(.mdebug.abiO64)

.mdebug.eabi32
 *(.mdebug.eabi32)

.mdebug.eabi64
 *(.mdebug.eabi64)

.gcc_compiled_long32
 *(.gcc_compiled_long32)

.gcc_compiled_long64
 *(.gcc_compiled_long64)

.stab
 *(.stab)

.stabstr
 *(.stabstr)

.stab.excl
 *(.stab.excl)

.stab.exclstr
 *(.stab.exclstr)

.stab.index
 *(.stab.index)

.stab.indexstr
 *(.stab.indexstr)

.comment        0x00000000      0x164
 *(.comment)
 .comment       0x00000000       0x3c build/default/production/TestHarness.o
                                 0x3d (size before relaxing)
 .comment       0x00000000       0x3d build/default/production/_ext/1472/MotorDriver.o
 .comment       0x00000000       0x3d build/default/production/_ext/1472/AD.o
 .comment       0x00000000       0x3d build/default/production/_ext/1472/BOARD.o
 .comment       0x00000000       0x3d build/default/production/_ext/1472/BotConfig.o
 .comment       0x00000000       0x3d build/default/production/_ext/1472/IO_Ports.o
 .comment       0x00000000       0x3d build/default/production/_ext/1472/pwm.o
 .comment       0x00000000       0x3d build/default/production/_ext/1472/serial.o
 .comment       0x00000000       0x3d build/default/production/_ext/1472/timers.o
 .comment       0x0000003c       0x3c c:/program files (x86)/microchip/xc32/v1.30/bin/../lib/gcc/pic32mx/4.5.2/../../../../pic32mx/lib\libmchp_peripheral_32MX320F128H.a(int_configure_system_lib.o)
                                 0x3d (size before relaxing)
 .comment       0x00000000       0x3d c:/program files (x86)/microchip/xc32/v1.30/bin/../lib/gcc/pic32mx/4.5.2/../../../../pic32mx/lib\libmchp_peripheral_32MX320F128H.a(int_enable_interrupts_lib.o)
 .comment       0x00000000       0x3d c:/program files (x86)/microchip/xc32/v1.30/bin/../lib/gcc/pic32mx/4.5.2/../../../../pic32mx/lib\libmchp_peripheral_32MX320F128H.a(int_tbl_lib.o)
 .comment       0x00000000       0x3d c:/program files (x86)/microchip/xc32/v1.30/bin/../lib/gcc/pic32mx/4.5.2/../../../../pic32mx/lib\libmchp_peripheral_32MX320F128H.a(power_sleep_lib.o)
 .comment       0x00000000       0x3d c:/program files (x86)/microchip/xc32/v1.30/bin/../lib/gcc/pic32mx/4.5.2/../../../../pic32mx/lib\libmchp_peripheral_32MX320F128H.a(port_set_pins_digital_in_lib.o)
 .comment       0x00000000       0x3d c:/program files (x86)/microchip/xc32/v1.30/bin/../lib/gcc/pic32mx/4.5.2/../../../../pic32mx/lib\libmchp_peripheral_32MX320F128H.a(_ports_tbl_libp.o)
 .comment       0x00000000       0x3d c:/program files (x86)/microchip/xc32/v1.30/bin/../lib/gcc/pic32mx/4.5.2/../../../../pic32mx/lib\libmchp_peripheral_32MX320F128H.a(uart_lib.o)
 .comment       0x00000000       0x3d c:/program files (x86)/microchip/xc32/v1.30/bin/../lib/gcc/pic32mx/4.5.2/../../../../pic32mx/lib\libmchp_peripheral_32MX320F128H.a(int_disable_interrupts_lib.o)
 .comment       0x00000000       0x3d c:/program files (x86)/microchip/xc32/v1.30/bin/../lib/gcc/pic32mx/4.5.2/../../../../pic32mx/lib\libmchp_peripheral_32MX320F128H.a(int_restore_interrupts_lib.o)
 .comment       0x00000000       0x3d c:/program files (x86)/microchip/xc32/v1.30/bin/../lib/gcc/pic32mx/4.5.2\libgcc.a(floatunsisf.o)
 .comment       0x00000000       0x3d c:/program files (x86)/microchip/xc32/v1.30/bin/../lib/gcc/pic32mx/4.5.2/../../../../pic32mx/lib\libpic32.a(default-bootstrap-exception-handler.o)
 .comment       0x00000000       0x3d c:/program files (x86)/microchip/xc32/v1.30/bin/../lib/gcc/pic32mx/4.5.2/../../../../pic32mx/lib\libpic32.a(default-on-reset.o)
 .comment       0x00000000       0x3d c:/program files (x86)/microchip/xc32/v1.30/bin/../lib/gcc/pic32mx/4.5.2/../../../../pic32mx/lib\libpic32.a(default-on-bootstrap.o)
 .comment       0x00000000       0x3d c:/program files (x86)/microchip/xc32/v1.30/bin/../lib/gcc/pic32mx/4.5.2/../../../../pic32mx/lib\libpic32.a(default-general-exception-handler.o)
 .comment       0x00000000       0x3d c:/program files (x86)/microchip/xc32/v1.30/bin/../lib/gcc/pic32mx/4.5.2/../../../../pic32mx/lib\libpic32.a(defaultinterrupt.o)
 .comment       0x00000000       0x3d c:/program files (x86)/microchip/xc32/v1.30/bin/../lib/gcc/pic32mx/4.5.2/../../../../pic32mx/lib\libc.a(printf_cdfFnopuxX.eo)
 .comment       0x00000000       0x3d c:/program files (x86)/microchip/xc32/v1.30/bin/../lib/gcc/pic32mx/4.5.2/../../../../pic32mx/lib\libc.a(_iob.o)
 .comment       0x00000000       0x3d c:/program files (x86)/microchip/xc32/v1.30/bin/../lib/gcc/pic32mx/4.5.2/../../../../pic32mx/lib\libc.a(doprnt_cdfFnopuxX.eo)
 .comment       0x00000000       0x3d c:/program files (x86)/microchip/xc32/v1.30/bin/../lib/gcc/pic32mx/4.5.2/../../../../pic32mx/lib\libc.a(_fputc_simple.o)
 .comment       0x00000078       0x4e c:/program files (x86)/microchip/xc32/v1.30/bin/../lib/gcc/pic32mx/4.5.2/../../../../pic32mx/lib\libc.a(ctype.o)
                                 0x8b (size before relaxing)
 .comment       0x00000000       0x3d c:/program files (x86)/microchip/xc32/v1.30/bin/../lib/gcc/pic32mx/4.5.2/../../../../pic32mx/lib\libc.a(powersf.o)
 .comment       0x00000000       0x3d c:/program files (x86)/microchip/xc32/v1.30/bin/../lib/gcc/pic32mx/4.5.2/../../../../pic32mx/lib\libc.a(_flsbuf_simple.o)
 .comment       0x00000000       0x3d c:/program files (x86)/microchip/xc32/v1.30/bin/../lib/gcc/pic32mx/4.5.2/../../../../pic32mx/lib\libpic32.a(write.o)
 .comment       0x000000c6       0x9e c:/program files (x86)/microchip/xc32/v1.30/bin/../lib/gcc/pic32mx/4.5.2/../../../../pic32mx/lib\libe.a(_floatdisf.o)
                                 0xdb (size before relaxing)
 .comment       0x00000000       0x3d c:/program files (x86)/microchip/xc32/v1.30/bin/../lib/gcc/pic32mx/4.5.2\libgcc.a(_floatundisf.o)
 .comment       0x00000000       0x3d c:/program files (x86)/microchip/xc32/v1.30/bin/../lib/gcc/pic32mx/4.5.2\libgcc.a(_udivdi3.o)
 .comment       0x00000000       0x3d c:/program files (x86)/microchip/xc32/v1.30/bin/../lib/gcc/pic32mx/4.5.2\libgcc.a(_umoddi3.o)

.debug
 *(.debug)

.line
 *(.line)

.debug_srcinfo
 *(.debug_srcinfo)

.debug_sfnames
 *(.debug_sfnames)

.debug_aranges  0x00000000      0x480
 *(.debug_aranges)
 .debug_aranges
                0x00000000       0x20 build/default/production/TestHarness.o
 .debug_aranges
                0x00000020       0x20 build/default/production/_ext/1472/MotorDriver.o
 .debug_aranges
                0x00000040       0x20 build/default/production/_ext/1472/AD.o
 .debug_aranges
                0x00000060       0x20 build/default/production/_ext/1472/BOARD.o
 .debug_aranges
                0x00000080       0x20 build/default/production/_ext/1472/BotConfig.o
 .debug_aranges
                0x000000a0       0x20 build/default/production/_ext/1472/IO_Ports.o
 .debug_aranges
                0x000000c0       0x20 build/default/production/_ext/1472/pwm.o
 .debug_aranges
                0x000000e0       0x20 build/default/production/_ext/1472/serial.o
 .debug_aranges
                0x00000100       0x20 build/default/production/_ext/1472/timers.o
 .debug_aranges
                0x00000120       0x20 c:/program files (x86)/microchip/xc32/v1.30/bin/../lib/gcc/pic32mx/4.5.2/../../../../pic32mx/lib\libmchp_peripheral_32MX320F128H.a(int_configure_system_lib.o)
 .debug_aranges
                0x00000140       0x20 c:/program files (x86)/microchip/xc32/v1.30/bin/../lib/gcc/pic32mx/4.5.2/../../../../pic32mx/lib\libmchp_peripheral_32MX320F128H.a(int_enable_interrupts_lib.o)
 .debug_aranges
                0x00000160       0x60 c:/program files (x86)/microchip/xc32/v1.30/bin/../lib/gcc/pic32mx/4.5.2/../../../../pic32mx/lib\libmchp_peripheral_32MX320F128H.a(int_tbl_lib.o)
 .debug_aranges
                0x000001c0       0x20 c:/program files (x86)/microchip/xc32/v1.30/bin/../lib/gcc/pic32mx/4.5.2/../../../../pic32mx/lib\libmchp_peripheral_32MX320F128H.a(power_sleep_lib.o)
 .debug_aranges
                0x000001e0       0x20 c:/program files (x86)/microchip/xc32/v1.30/bin/../lib/gcc/pic32mx/4.5.2/../../../../pic32mx/lib\libmchp_peripheral_32MX320F128H.a(port_set_pins_digital_in_lib.o)
 .debug_aranges
                0x00000200       0x58 c:/program files (x86)/microchip/xc32/v1.30/bin/../lib/gcc/pic32mx/4.5.2/../../../../pic32mx/lib\libmchp_peripheral_32MX320F128H.a(uart_lib.o)
 .debug_aranges
                0x00000258       0x20 c:/program files (x86)/microchip/xc32/v1.30/bin/../lib/gcc/pic32mx/4.5.2/../../../../pic32mx/lib\libmchp_peripheral_32MX320F128H.a(int_disable_interrupts_lib.o)
 .debug_aranges
                0x00000278       0x20 c:/program files (x86)/microchip/xc32/v1.30/bin/../lib/gcc/pic32mx/4.5.2/../../../../pic32mx/lib\libmchp_peripheral_32MX320F128H.a(int_restore_interrupts_lib.o)
 .debug_aranges
                0x00000298       0x20 c:/program files (x86)/microchip/xc32/v1.30/bin/../lib/gcc/pic32mx/4.5.2\libgcc.a(floatunsisf.o)
 .debug_aranges
                0x000002b8       0x20 c:/program files (x86)/microchip/xc32/v1.30/bin/../lib/gcc/pic32mx/4.5.2/../../../../pic32mx/lib\libpic32.a(default-bootstrap-exception-handler.o)
 .debug_aranges
                0x000002d8       0x20 c:/program files (x86)/microchip/xc32/v1.30/bin/../lib/gcc/pic32mx/4.5.2/../../../../pic32mx/lib\libpic32.a(default-on-reset.o)
 .debug_aranges
                0x000002f8       0x20 c:/program files (x86)/microchip/xc32/v1.30/bin/../lib/gcc/pic32mx/4.5.2/../../../../pic32mx/lib\libpic32.a(default-on-bootstrap.o)
 .debug_aranges
                0x00000318       0x20 c:/program files (x86)/microchip/xc32/v1.30/bin/../lib/gcc/pic32mx/4.5.2/../../../../pic32mx/lib\libpic32.a(default-general-exception-handler.o)
 .debug_aranges
                0x00000338       0x20 c:/program files (x86)/microchip/xc32/v1.30/bin/../lib/gcc/pic32mx/4.5.2/../../../../pic32mx/lib\libpic32.a(defaultinterrupt.o)
 .debug_aranges
                0x00000358       0x20 c:/program files (x86)/microchip/xc32/v1.30/bin/../lib/gcc/pic32mx/4.5.2/../../../../pic32mx/lib\libc.a(printf_cdfFnopuxX.eo)
 .debug_aranges
                0x00000378       0x28 c:/program files (x86)/microchip/xc32/v1.30/bin/../lib/gcc/pic32mx/4.5.2/../../../../pic32mx/lib\libc.a(doprnt_cdfFnopuxX.eo)
 .debug_aranges
                0x000003a0       0x20 c:/program files (x86)/microchip/xc32/v1.30/bin/../lib/gcc/pic32mx/4.5.2/../../../../pic32mx/lib\libc.a(_fputc_simple.o)
 .debug_aranges
                0x000003c0       0x20 c:/program files (x86)/microchip/xc32/v1.30/bin/../lib/gcc/pic32mx/4.5.2/../../../../pic32mx/lib\libc.a(_flsbuf_simple.o)
 .debug_aranges
                0x000003e0       0x20 c:/program files (x86)/microchip/xc32/v1.30/bin/../lib/gcc/pic32mx/4.5.2/../../../../pic32mx/lib\libpic32.a(write.o)
 .debug_aranges
                0x00000400       0x20 c:/program files (x86)/microchip/xc32/v1.30/bin/../lib/gcc/pic32mx/4.5.2/../../../../pic32mx/lib\libe.a(_floatdisf.o)
 .debug_aranges
                0x00000420       0x20 c:/program files (x86)/microchip/xc32/v1.30/bin/../lib/gcc/pic32mx/4.5.2\libgcc.a(_floatundisf.o)
 .debug_aranges
                0x00000440       0x20 c:/program files (x86)/microchip/xc32/v1.30/bin/../lib/gcc/pic32mx/4.5.2\libgcc.a(_udivdi3.o)
 .debug_aranges
                0x00000460       0x20 c:/program files (x86)/microchip/xc32/v1.30/bin/../lib/gcc/pic32mx/4.5.2\libgcc.a(_umoddi3.o)

.debug_pubnames
                0x00000000      0xaaa
 *(.debug_pubnames)
 .debug_pubnames
                0x00000000       0x3b build/default/production/TestHarness.o
 .debug_pubnames
                0x0000003b       0xad build/default/production/_ext/1472/MotorDriver.o
 .debug_pubnames
                0x000000e8       0xa4 build/default/production/_ext/1472/AD.o
 .debug_pubnames
                0x0000018c       0x44 build/default/production/_ext/1472/BOARD.o
 .debug_pubnames
                0x000001d0       0x1f build/default/production/_ext/1472/BotConfig.o
 .debug_pubnames
                0x000001ef      0x144 build/default/production/_ext/1472/IO_Ports.o
 .debug_pubnames
                0x00000333       0xb3 build/default/production/_ext/1472/pwm.o
 .debug_pubnames
                0x000003e6      0x176 build/default/production/_ext/1472/serial.o
 .debug_pubnames
                0x0000055c       0xb6 build/default/production/_ext/1472/timers.o
 .debug_pubnames
                0x00000612       0x29 c:/program files (x86)/microchip/xc32/v1.30/bin/../lib/gcc/pic32mx/4.5.2/../../../../pic32mx/lib\libmchp_peripheral_32MX320F128H.a(int_configure_system_lib.o)
 .debug_pubnames
                0x0000063b       0x2a c:/program files (x86)/microchip/xc32/v1.30/bin/../lib/gcc/pic32mx/4.5.2/../../../../pic32mx/lib\libmchp_peripheral_32MX320F128H.a(int_enable_interrupts_lib.o)
 .debug_pubnames
                0x00000665       0xca c:/program files (x86)/microchip/xc32/v1.30/bin/../lib/gcc/pic32mx/4.5.2/../../../../pic32mx/lib\libmchp_peripheral_32MX320F128H.a(int_tbl_lib.o)
 .debug_pubnames
                0x0000072f       0x25 c:/program files (x86)/microchip/xc32/v1.30/bin/../lib/gcc/pic32mx/4.5.2/../../../../pic32mx/lib\libmchp_peripheral_32MX320F128H.a(power_sleep_lib.o)
 .debug_pubnames
                0x00000754       0x2b c:/program files (x86)/microchip/xc32/v1.30/bin/../lib/gcc/pic32mx/4.5.2/../../../../pic32mx/lib\libmchp_peripheral_32MX320F128H.a(port_set_pins_digital_in_lib.o)
 .debug_pubnames
                0x0000077f       0xb1 c:/program files (x86)/microchip/xc32/v1.30/bin/../lib/gcc/pic32mx/4.5.2/../../../../pic32mx/lib\libmchp_peripheral_32MX320F128H.a(uart_lib.o)
 .debug_pubnames
                0x00000830       0x2b c:/program files (x86)/microchip/xc32/v1.30/bin/../lib/gcc/pic32mx/4.5.2/../../../../pic32mx/lib\libmchp_peripheral_32MX320F128H.a(int_disable_interrupts_lib.o)
 .debug_pubnames
                0x0000085b       0x2b c:/program files (x86)/microchip/xc32/v1.30/bin/../lib/gcc/pic32mx/4.5.2/../../../../pic32mx/lib\libmchp_peripheral_32MX320F128H.a(int_restore_interrupts_lib.o)
 .debug_pubnames
                0x00000886       0x24 c:/program files (x86)/microchip/xc32/v1.30/bin/../lib/gcc/pic32mx/4.5.2\libgcc.a(floatunsisf.o)
 .debug_pubnames
                0x000008aa       0x33 c:/program files (x86)/microchip/xc32/v1.30/bin/../lib/gcc/pic32mx/4.5.2/../../../../pic32mx/lib\libpic32.a(default-bootstrap-exception-handler.o)
 .debug_pubnames
                0x000008dd       0x20 c:/program files (x86)/microchip/xc32/v1.30/bin/../lib/gcc/pic32mx/4.5.2/../../../../pic32mx/lib\libpic32.a(default-on-reset.o)
 .debug_pubnames
                0x000008fd       0x24 c:/program files (x86)/microchip/xc32/v1.30/bin/../lib/gcc/pic32mx/4.5.2/../../../../pic32mx/lib\libpic32.a(default-on-bootstrap.o)
 .debug_pubnames
                0x00000921       0x31 c:/program files (x86)/microchip/xc32/v1.30/bin/../lib/gcc/pic32mx/4.5.2/../../../../pic32mx/lib\libpic32.a(default-general-exception-handler.o)
 .debug_pubnames
                0x00000952       0x28 c:/program files (x86)/microchip/xc32/v1.30/bin/../lib/gcc/pic32mx/4.5.2/../../../../pic32mx/lib\libpic32.a(defaultinterrupt.o)
 .debug_pubnames
                0x0000097a       0x29 c:/program files (x86)/microchip/xc32/v1.30/bin/../lib/gcc/pic32mx/4.5.2/../../../../pic32mx/lib\libc.a(printf_cdfFnopuxX.eo)
 .debug_pubnames
                0x000009a3       0x2b c:/program files (x86)/microchip/xc32/v1.30/bin/../lib/gcc/pic32mx/4.5.2/../../../../pic32mx/lib\libc.a(doprnt_cdfFnopuxX.eo)
 .debug_pubnames
                0x000009ce       0x1c c:/program files (x86)/microchip/xc32/v1.30/bin/../lib/gcc/pic32mx/4.5.2/../../../../pic32mx/lib\libc.a(_fputc_simple.o)
 .debug_pubnames
                0x000009ea       0x1e c:/program files (x86)/microchip/xc32/v1.30/bin/../lib/gcc/pic32mx/4.5.2/../../../../pic32mx/lib\libc.a(_flsbuf_simple.o)
 .debug_pubnames
                0x00000a08       0x1c c:/program files (x86)/microchip/xc32/v1.30/bin/../lib/gcc/pic32mx/4.5.2/../../../../pic32mx/lib\libpic32.a(write.o)
 .debug_pubnames
                0x00000a24       0x22 c:/program files (x86)/microchip/xc32/v1.30/bin/../lib/gcc/pic32mx/4.5.2/../../../../pic32mx/lib\libe.a(_floatdisf.o)
 .debug_pubnames
                0x00000a46       0x24 c:/program files (x86)/microchip/xc32/v1.30/bin/../lib/gcc/pic32mx/4.5.2\libgcc.a(_floatundisf.o)
 .debug_pubnames
                0x00000a6a       0x20 c:/program files (x86)/microchip/xc32/v1.30/bin/../lib/gcc/pic32mx/4.5.2\libgcc.a(_udivdi3.o)
 .debug_pubnames
                0x00000a8a       0x20 c:/program files (x86)/microchip/xc32/v1.30/bin/../lib/gcc/pic32mx/4.5.2\libgcc.a(_umoddi3.o)

.debug_info     0x00000000     0x96a2
 *(.debug_info .gnu.linkonce.wi.*)
 .debug_info    0x00000000      0x2d5 build/default/production/TestHarness.o
 .debug_info    0x000002d5      0x4da build/default/production/_ext/1472/MotorDriver.o
 .debug_info    0x000007af      0xf7e build/default/production/_ext/1472/AD.o
 .debug_info    0x0000172d     0x12db build/default/production/_ext/1472/BOARD.o
 .debug_info    0x00002a08      0x28a build/default/production/_ext/1472/BotConfig.o
 .debug_info    0x00002c92     0x11a3 build/default/production/_ext/1472/IO_Ports.o
 .debug_info    0x00003e35      0xb61 build/default/production/_ext/1472/pwm.o
 .debug_info    0x00004996     0x1df9 build/default/production/_ext/1472/serial.o
 .debug_info    0x0000678f      0xc78 build/default/production/_ext/1472/timers.o
 .debug_info    0x00007407       0xb2 c:/program files (x86)/microchip/xc32/v1.30/bin/../lib/gcc/pic32mx/4.5.2/../../../../pic32mx/lib\libmchp_peripheral_32MX320F128H.a(int_configure_system_lib.o)
 .debug_info    0x000074b9       0xb4 c:/program files (x86)/microchip/xc32/v1.30/bin/../lib/gcc/pic32mx/4.5.2/../../../../pic32mx/lib\libmchp_peripheral_32MX320F128H.a(int_enable_interrupts_lib.o)
 .debug_info    0x0000756d      0x196 c:/program files (x86)/microchip/xc32/v1.30/bin/../lib/gcc/pic32mx/4.5.2/../../../../pic32mx/lib\libmchp_peripheral_32MX320F128H.a(int_tbl_lib.o)
 .debug_info    0x00007703       0xa7 c:/program files (x86)/microchip/xc32/v1.30/bin/../lib/gcc/pic32mx/4.5.2/../../../../pic32mx/lib\libmchp_peripheral_32MX320F128H.a(power_sleep_lib.o)
 .debug_info    0x000077aa       0xba c:/program files (x86)/microchip/xc32/v1.30/bin/../lib/gcc/pic32mx/4.5.2/../../../../pic32mx/lib\libmchp_peripheral_32MX320F128H.a(port_set_pins_digital_in_lib.o)
 .debug_info    0x00007864        0x0 c:/program files (x86)/microchip/xc32/v1.30/bin/../lib/gcc/pic32mx/4.5.2/../../../../pic32mx/lib\libmchp_peripheral_32MX320F128H.a(_ports_tbl_libp.o)
 .debug_info    0x00007864      0x175 c:/program files (x86)/microchip/xc32/v1.30/bin/../lib/gcc/pic32mx/4.5.2/../../../../pic32mx/lib\libmchp_peripheral_32MX320F128H.a(uart_lib.o)
 .debug_info    0x000079d9       0xb6 c:/program files (x86)/microchip/xc32/v1.30/bin/../lib/gcc/pic32mx/4.5.2/../../../../pic32mx/lib\libmchp_peripheral_32MX320F128H.a(int_disable_interrupts_lib.o)
 .debug_info    0x00007a8f       0xb6 c:/program files (x86)/microchip/xc32/v1.30/bin/../lib/gcc/pic32mx/4.5.2/../../../../pic32mx/lib\libmchp_peripheral_32MX320F128H.a(int_restore_interrupts_lib.o)
 .debug_info    0x00007b45      0x157 c:/program files (x86)/microchip/xc32/v1.30/bin/../lib/gcc/pic32mx/4.5.2\libgcc.a(floatunsisf.o)
 .debug_info    0x00007c9c       0xde c:/program files (x86)/microchip/xc32/v1.30/bin/../lib/gcc/pic32mx/4.5.2/../../../../pic32mx/lib\libpic32.a(default-bootstrap-exception-handler.o)
 .debug_info    0x00007d7a       0xb8 c:/program files (x86)/microchip/xc32/v1.30/bin/../lib/gcc/pic32mx/4.5.2/../../../../pic32mx/lib\libpic32.a(default-on-reset.o)
 .debug_info    0x00007e32       0xc0 c:/program files (x86)/microchip/xc32/v1.30/bin/../lib/gcc/pic32mx/4.5.2/../../../../pic32mx/lib\libpic32.a(default-on-bootstrap.o)
 .debug_info    0x00007ef2       0xda c:/program files (x86)/microchip/xc32/v1.30/bin/../lib/gcc/pic32mx/4.5.2/../../../../pic32mx/lib\libpic32.a(default-general-exception-handler.o)
 .debug_info    0x00007fcc       0xd2 c:/program files (x86)/microchip/xc32/v1.30/bin/../lib/gcc/pic32mx/4.5.2/../../../../pic32mx/lib\libpic32.a(defaultinterrupt.o)
 .debug_info    0x0000809e       0xbd c:/program files (x86)/microchip/xc32/v1.30/bin/../lib/gcc/pic32mx/4.5.2/../../../../pic32mx/lib\libc.a(printf_cdfFnopuxX.eo)
 .debug_info    0x0000815b        0x0 c:/program files (x86)/microchip/xc32/v1.30/bin/../lib/gcc/pic32mx/4.5.2/../../../../pic32mx/lib\libc.a(_iob.o)
 .debug_info    0x0000815b       0xe0 c:/program files (x86)/microchip/xc32/v1.30/bin/../lib/gcc/pic32mx/4.5.2/../../../../pic32mx/lib\libc.a(doprnt_cdfFnopuxX.eo)
 .debug_info    0x0000823b       0xaf c:/program files (x86)/microchip/xc32/v1.30/bin/../lib/gcc/pic32mx/4.5.2/../../../../pic32mx/lib\libc.a(_fputc_simple.o)
 .debug_info    0x000082ea        0x0 c:/program files (x86)/microchip/xc32/v1.30/bin/../lib/gcc/pic32mx/4.5.2/../../../../pic32mx/lib\libc.a(ctype.o)
 .debug_info    0x000082ea        0x0 c:/program files (x86)/microchip/xc32/v1.30/bin/../lib/gcc/pic32mx/4.5.2/../../../../pic32mx/lib\libc.a(powersf.o)
 .debug_info    0x000082ea       0xb2 c:/program files (x86)/microchip/xc32/v1.30/bin/../lib/gcc/pic32mx/4.5.2/../../../../pic32mx/lib\libc.a(_flsbuf_simple.o)
 .debug_info    0x0000839c       0xa9 c:/program files (x86)/microchip/xc32/v1.30/bin/../lib/gcc/pic32mx/4.5.2/../../../../pic32mx/lib\libpic32.a(write.o)
 .debug_info    0x00008445       0xc7 c:/program files (x86)/microchip/xc32/v1.30/bin/../lib/gcc/pic32mx/4.5.2/../../../../pic32mx/lib\libe.a(_floatdisf.o)
 .debug_info    0x0000850c      0x29f c:/program files (x86)/microchip/xc32/v1.30/bin/../lib/gcc/pic32mx/4.5.2\libgcc.a(_floatundisf.o)
 .debug_info    0x000087ab      0x75f c:/program files (x86)/microchip/xc32/v1.30/bin/../lib/gcc/pic32mx/4.5.2\libgcc.a(_udivdi3.o)
 .debug_info    0x00008f0a      0x798 c:/program files (x86)/microchip/xc32/v1.30/bin/../lib/gcc/pic32mx/4.5.2\libgcc.a(_umoddi3.o)

.debug_abbrev   0x00000000     0x13a4
 *(.debug_abbrev)
 .debug_abbrev  0x00000000       0xf6 build/default/production/TestHarness.o
 .debug_abbrev  0x000000f6      0x133 build/default/production/_ext/1472/MotorDriver.o
 .debug_abbrev  0x00000229      0x17d build/default/production/_ext/1472/AD.o
 .debug_abbrev  0x000003a6      0x1dc build/default/production/_ext/1472/BOARD.o
 .debug_abbrev  0x00000582       0xc3 build/default/production/_ext/1472/BotConfig.o
 .debug_abbrev  0x00000645      0x19b build/default/production/_ext/1472/IO_Ports.o
 .debug_abbrev  0x000007e0      0x198 build/default/production/_ext/1472/pwm.o
 .debug_abbrev  0x00000978      0x292 build/default/production/_ext/1472/serial.o
 .debug_abbrev  0x00000c0a      0x15b build/default/production/_ext/1472/timers.o
 .debug_abbrev  0x00000d65       0x25 c:/program files (x86)/microchip/xc32/v1.30/bin/../lib/gcc/pic32mx/4.5.2/../../../../pic32mx/lib\libmchp_peripheral_32MX320F128H.a(int_configure_system_lib.o)
 .debug_abbrev  0x00000d8a       0x25 c:/program files (x86)/microchip/xc32/v1.30/bin/../lib/gcc/pic32mx/4.5.2/../../../../pic32mx/lib\libmchp_peripheral_32MX320F128H.a(int_enable_interrupts_lib.o)
 .debug_abbrev  0x00000daf       0x25 c:/program files (x86)/microchip/xc32/v1.30/bin/../lib/gcc/pic32mx/4.5.2/../../../../pic32mx/lib\libmchp_peripheral_32MX320F128H.a(int_tbl_lib.o)
 .debug_abbrev  0x00000dd4       0x25 c:/program files (x86)/microchip/xc32/v1.30/bin/../lib/gcc/pic32mx/4.5.2/../../../../pic32mx/lib\libmchp_peripheral_32MX320F128H.a(power_sleep_lib.o)
 .debug_abbrev  0x00000df9       0x25 c:/program files (x86)/microchip/xc32/v1.30/bin/../lib/gcc/pic32mx/4.5.2/../../../../pic32mx/lib\libmchp_peripheral_32MX320F128H.a(port_set_pins_digital_in_lib.o)
 .debug_abbrev  0x00000e1e        0x1 c:/program files (x86)/microchip/xc32/v1.30/bin/../lib/gcc/pic32mx/4.5.2/../../../../pic32mx/lib\libmchp_peripheral_32MX320F128H.a(_ports_tbl_libp.o)
 .debug_abbrev  0x00000e1f       0x38 c:/program files (x86)/microchip/xc32/v1.30/bin/../lib/gcc/pic32mx/4.5.2/../../../../pic32mx/lib\libmchp_peripheral_32MX320F128H.a(uart_lib.o)
 .debug_abbrev  0x00000e57       0x25 c:/program files (x86)/microchip/xc32/v1.30/bin/../lib/gcc/pic32mx/4.5.2/../../../../pic32mx/lib\libmchp_peripheral_32MX320F128H.a(int_disable_interrupts_lib.o)
 .debug_abbrev  0x00000e7c       0x25 c:/program files (x86)/microchip/xc32/v1.30/bin/../lib/gcc/pic32mx/4.5.2/../../../../pic32mx/lib\libmchp_peripheral_32MX320F128H.a(int_restore_interrupts_lib.o)
 .debug_abbrev  0x00000ea1       0x61 c:/program files (x86)/microchip/xc32/v1.30/bin/../lib/gcc/pic32mx/4.5.2\libgcc.a(floatunsisf.o)
 .debug_abbrev  0x00000f02       0x23 c:/program files (x86)/microchip/xc32/v1.30/bin/../lib/gcc/pic32mx/4.5.2/../../../../pic32mx/lib\libpic32.a(default-bootstrap-exception-handler.o)
 .debug_abbrev  0x00000f25       0x23 c:/program files (x86)/microchip/xc32/v1.30/bin/../lib/gcc/pic32mx/4.5.2/../../../../pic32mx/lib\libpic32.a(default-on-reset.o)
 .debug_abbrev  0x00000f48       0x23 c:/program files (x86)/microchip/xc32/v1.30/bin/../lib/gcc/pic32mx/4.5.2/../../../../pic32mx/lib\libpic32.a(default-on-bootstrap.o)
 .debug_abbrev  0x00000f6b       0x23 c:/program files (x86)/microchip/xc32/v1.30/bin/../lib/gcc/pic32mx/4.5.2/../../../../pic32mx/lib\libpic32.a(default-general-exception-handler.o)
 .debug_abbrev  0x00000f8e       0x23 c:/program files (x86)/microchip/xc32/v1.30/bin/../lib/gcc/pic32mx/4.5.2/../../../../pic32mx/lib\libpic32.a(defaultinterrupt.o)
 .debug_abbrev  0x00000fb1       0x23 c:/program files (x86)/microchip/xc32/v1.30/bin/../lib/gcc/pic32mx/4.5.2/../../../../pic32mx/lib\libc.a(printf_cdfFnopuxX.eo)
 .debug_abbrev  0x00000fd4        0x1 c:/program files (x86)/microchip/xc32/v1.30/bin/../lib/gcc/pic32mx/4.5.2/../../../../pic32mx/lib\libc.a(_iob.o)
 .debug_abbrev  0x00000fd5       0x41 c:/program files (x86)/microchip/xc32/v1.30/bin/../lib/gcc/pic32mx/4.5.2/../../../../pic32mx/lib\libc.a(doprnt_cdfFnopuxX.eo)
 .debug_abbrev  0x00001016       0x23 c:/program files (x86)/microchip/xc32/v1.30/bin/../lib/gcc/pic32mx/4.5.2/../../../../pic32mx/lib\libc.a(_fputc_simple.o)
 .debug_abbrev  0x00001039        0x1 c:/program files (x86)/microchip/xc32/v1.30/bin/../lib/gcc/pic32mx/4.5.2/../../../../pic32mx/lib\libc.a(ctype.o)
 .debug_abbrev  0x0000103a        0x1 c:/program files (x86)/microchip/xc32/v1.30/bin/../lib/gcc/pic32mx/4.5.2/../../../../pic32mx/lib\libc.a(powersf.o)
 .debug_abbrev  0x0000103b       0x23 c:/program files (x86)/microchip/xc32/v1.30/bin/../lib/gcc/pic32mx/4.5.2/../../../../pic32mx/lib\libc.a(_flsbuf_simple.o)
 .debug_abbrev  0x0000105e       0x23 c:/program files (x86)/microchip/xc32/v1.30/bin/../lib/gcc/pic32mx/4.5.2/../../../../pic32mx/lib\libpic32.a(write.o)
 .debug_abbrev  0x00001081       0x30 c:/program files (x86)/microchip/xc32/v1.30/bin/../lib/gcc/pic32mx/4.5.2/../../../../pic32mx/lib\libe.a(_floatdisf.o)
 .debug_abbrev  0x000010b1       0x79 c:/program files (x86)/microchip/xc32/v1.30/bin/../lib/gcc/pic32mx/4.5.2\libgcc.a(_floatundisf.o)
 .debug_abbrev  0x0000112a      0x132 c:/program files (x86)/microchip/xc32/v1.30/bin/../lib/gcc/pic32mx/4.5.2\libgcc.a(_udivdi3.o)
 .debug_abbrev  0x0000125c      0x148 c:/program files (x86)/microchip/xc32/v1.30/bin/../lib/gcc/pic32mx/4.5.2\libgcc.a(_umoddi3.o)

.debug_line     0x00000000     0x1f08
 *(.debug_line)
 .debug_line    0x00000000      0x176 build/default/production/TestHarness.o
 .debug_line    0x00000176      0x19a build/default/production/_ext/1472/MotorDriver.o
 .debug_line    0x00000310      0x29b build/default/production/_ext/1472/AD.o
 .debug_line    0x000005ab      0x1f5 build/default/production/_ext/1472/BOARD.o
 .debug_line    0x000007a0      0x116 build/default/production/_ext/1472/BotConfig.o
 .debug_line    0x000008b6      0x1f6 build/default/production/_ext/1472/IO_Ports.o
 .debug_line    0x00000aac      0x274 build/default/production/_ext/1472/pwm.o
 .debug_line    0x00000d20      0x2b5 build/default/production/_ext/1472/serial.o
 .debug_line    0x00000fd5      0x1e6 build/default/production/_ext/1472/timers.o
 .debug_line    0x000011bb       0x71 c:/program files (x86)/microchip/xc32/v1.30/bin/../lib/gcc/pic32mx/4.5.2/../../../../pic32mx/lib\libmchp_peripheral_32MX320F128H.a(int_configure_system_lib.o)
 .debug_line    0x0000122c       0x72 c:/program files (x86)/microchip/xc32/v1.30/bin/../lib/gcc/pic32mx/4.5.2/../../../../pic32mx/lib\libmchp_peripheral_32MX320F128H.a(int_enable_interrupts_lib.o)
 .debug_line    0x0000129e       0x64 c:/program files (x86)/microchip/xc32/v1.30/bin/../lib/gcc/pic32mx/4.5.2/../../../../pic32mx/lib\libmchp_peripheral_32MX320F128H.a(int_tbl_lib.o)
 .debug_line    0x00001302       0x6a c:/program files (x86)/microchip/xc32/v1.30/bin/../lib/gcc/pic32mx/4.5.2/../../../../pic32mx/lib\libmchp_peripheral_32MX320F128H.a(power_sleep_lib.o)
 .debug_line    0x0000136c       0x77 c:/program files (x86)/microchip/xc32/v1.30/bin/../lib/gcc/pic32mx/4.5.2/../../../../pic32mx/lib\libmchp_peripheral_32MX320F128H.a(port_set_pins_digital_in_lib.o)
 .debug_line    0x000013e3        0x0 c:/program files (x86)/microchip/xc32/v1.30/bin/../lib/gcc/pic32mx/4.5.2/../../../../pic32mx/lib\libmchp_peripheral_32MX320F128H.a(_ports_tbl_libp.o)
 .debug_line    0x000013e3       0x62 c:/program files (x86)/microchip/xc32/v1.30/bin/../lib/gcc/pic32mx/4.5.2/../../../../pic32mx/lib\libmchp_peripheral_32MX320F128H.a(uart_lib.o)
 .debug_line    0x00001445       0x73 c:/program files (x86)/microchip/xc32/v1.30/bin/../lib/gcc/pic32mx/4.5.2/../../../../pic32mx/lib\libmchp_peripheral_32MX320F128H.a(int_disable_interrupts_lib.o)
 .debug_line    0x000014b8       0x73 c:/program files (x86)/microchip/xc32/v1.30/bin/../lib/gcc/pic32mx/4.5.2/../../../../pic32mx/lib\libmchp_peripheral_32MX320F128H.a(int_restore_interrupts_lib.o)
 .debug_line    0x0000152b       0x8e c:/program files (x86)/microchip/xc32/v1.30/bin/../lib/gcc/pic32mx/4.5.2\libgcc.a(floatunsisf.o)
 .debug_line    0x000015b9       0x97 c:/program files (x86)/microchip/xc32/v1.30/bin/../lib/gcc/pic32mx/4.5.2/../../../../pic32mx/lib\libpic32.a(default-bootstrap-exception-handler.o)
 .debug_line    0x00001650       0x84 c:/program files (x86)/microchip/xc32/v1.30/bin/../lib/gcc/pic32mx/4.5.2/../../../../pic32mx/lib\libpic32.a(default-on-reset.o)
 .debug_line    0x000016d4       0x88 c:/program files (x86)/microchip/xc32/v1.30/bin/../lib/gcc/pic32mx/4.5.2/../../../../pic32mx/lib\libpic32.a(default-on-bootstrap.o)
 .debug_line    0x0000175c       0x95 c:/program files (x86)/microchip/xc32/v1.30/bin/../lib/gcc/pic32mx/4.5.2/../../../../pic32mx/lib\libpic32.a(default-general-exception-handler.o)
 .debug_line    0x000017f1       0x96 c:/program files (x86)/microchip/xc32/v1.30/bin/../lib/gcc/pic32mx/4.5.2/../../../../pic32mx/lib\libpic32.a(defaultinterrupt.o)
 .debug_line    0x00001887       0x70 c:/program files (x86)/microchip/xc32/v1.30/bin/../lib/gcc/pic32mx/4.5.2/../../../../pic32mx/lib\libc.a(printf_cdfFnopuxX.eo)
 .debug_line    0x000018f7        0x0 c:/program files (x86)/microchip/xc32/v1.30/bin/../lib/gcc/pic32mx/4.5.2/../../../../pic32mx/lib\libc.a(_iob.o)
 .debug_line    0x000018f7       0x70 c:/program files (x86)/microchip/xc32/v1.30/bin/../lib/gcc/pic32mx/4.5.2/../../../../pic32mx/lib\libc.a(doprnt_cdfFnopuxX.eo)
 .debug_line    0x00001967       0x6f c:/program files (x86)/microchip/xc32/v1.30/bin/../lib/gcc/pic32mx/4.5.2/../../../../pic32mx/lib\libc.a(_fputc_simple.o)
 .debug_line    0x000019d6        0x0 c:/program files (x86)/microchip/xc32/v1.30/bin/../lib/gcc/pic32mx/4.5.2/../../../../pic32mx/lib\libc.a(ctype.o)
 .debug_line    0x000019d6        0x0 c:/program files (x86)/microchip/xc32/v1.30/bin/../lib/gcc/pic32mx/4.5.2/../../../../pic32mx/lib\libc.a(powersf.o)
 .debug_line    0x000019d6       0x70 c:/program files (x86)/microchip/xc32/v1.30/bin/../lib/gcc/pic32mx/4.5.2/../../../../pic32mx/lib\libc.a(_flsbuf_simple.o)
 .debug_line    0x00001a46       0x79 c:/program files (x86)/microchip/xc32/v1.30/bin/../lib/gcc/pic32mx/4.5.2/../../../../pic32mx/lib\libpic32.a(write.o)
 .debug_line    0x00001abf       0x93 c:/program files (x86)/microchip/xc32/v1.30/bin/../lib/gcc/pic32mx/4.5.2/../../../../pic32mx/lib\libe.a(_floatdisf.o)
 .debug_line    0x00001b52      0x105 c:/program files (x86)/microchip/xc32/v1.30/bin/../lib/gcc/pic32mx/4.5.2\libgcc.a(_floatundisf.o)
 .debug_line    0x00001c57      0x158 c:/program files (x86)/microchip/xc32/v1.30/bin/../lib/gcc/pic32mx/4.5.2\libgcc.a(_udivdi3.o)
 .debug_line    0x00001daf      0x159 c:/program files (x86)/microchip/xc32/v1.30/bin/../lib/gcc/pic32mx/4.5.2\libgcc.a(_umoddi3.o)

.debug_frame    0x00000000      0xdf0
 *(.debug_frame)
 .debug_frame   0x00000000       0x2c build/default/production/TestHarness.o
 .debug_frame   0x0000002c      0x164 build/default/production/_ext/1472/MotorDriver.o
 .debug_frame   0x00000190      0x138 build/default/production/_ext/1472/AD.o
 .debug_frame   0x000002c8       0x64 build/default/production/_ext/1472/BOARD.o
 .debug_frame   0x0000032c       0x2c build/default/production/_ext/1472/BotConfig.o
 .debug_frame   0x00000358      0x198 build/default/production/_ext/1472/IO_Ports.o
 .debug_frame   0x000004f0      0x10c build/default/production/_ext/1472/pwm.o
 .debug_frame   0x000005fc      0x24c build/default/production/_ext/1472/serial.o
 .debug_frame   0x00000848      0x150 build/default/production/_ext/1472/timers.o
 .debug_frame   0x00000998       0x20 c:/program files (x86)/microchip/xc32/v1.30/bin/../lib/gcc/pic32mx/4.5.2/../../../../pic32mx/lib\libmchp_peripheral_32MX320F128H.a(int_configure_system_lib.o)
 .debug_frame   0x000009b8       0x20 c:/program files (x86)/microchip/xc32/v1.30/bin/../lib/gcc/pic32mx/4.5.2/../../../../pic32mx/lib\libmchp_peripheral_32MX320F128H.a(int_enable_interrupts_lib.o)
 .debug_frame   0x000009d8       0xa0 c:/program files (x86)/microchip/xc32/v1.30/bin/../lib/gcc/pic32mx/4.5.2/../../../../pic32mx/lib\libmchp_peripheral_32MX320F128H.a(int_tbl_lib.o)
 .debug_frame   0x00000a78       0x28 c:/program files (x86)/microchip/xc32/v1.30/bin/../lib/gcc/pic32mx/4.5.2/../../../../pic32mx/lib\libmchp_peripheral_32MX320F128H.a(power_sleep_lib.o)
 .debug_frame   0x00000aa0       0x20 c:/program files (x86)/microchip/xc32/v1.30/bin/../lib/gcc/pic32mx/4.5.2/../../../../pic32mx/lib\libmchp_peripheral_32MX320F128H.a(port_set_pins_digital_in_lib.o)
 .debug_frame   0x00000ac0       0x90 c:/program files (x86)/microchip/xc32/v1.30/bin/../lib/gcc/pic32mx/4.5.2/../../../../pic32mx/lib\libmchp_peripheral_32MX320F128H.a(uart_lib.o)
 .debug_frame   0x00000b50       0x20 c:/program files (x86)/microchip/xc32/v1.30/bin/../lib/gcc/pic32mx/4.5.2/../../../../pic32mx/lib\libmchp_peripheral_32MX320F128H.a(int_disable_interrupts_lib.o)
 .debug_frame   0x00000b70       0x20 c:/program files (x86)/microchip/xc32/v1.30/bin/../lib/gcc/pic32mx/4.5.2/../../../../pic32mx/lib\libmchp_peripheral_32MX320F128H.a(int_restore_interrupts_lib.o)
 .debug_frame   0x00000b90       0x28 c:/program files (x86)/microchip/xc32/v1.30/bin/../lib/gcc/pic32mx/4.5.2\libgcc.a(floatunsisf.o)
 .debug_frame   0x00000bb8       0x28 c:/program files (x86)/microchip/xc32/v1.30/bin/../lib/gcc/pic32mx/4.5.2/../../../../pic32mx/lib\libpic32.a(default-bootstrap-exception-handler.o)
 .debug_frame   0x00000be0       0x20 c:/program files (x86)/microchip/xc32/v1.30/bin/../lib/gcc/pic32mx/4.5.2/../../../../pic32mx/lib\libpic32.a(default-on-reset.o)
 .debug_frame   0x00000c00       0x20 c:/program files (x86)/microchip/xc32/v1.30/bin/../lib/gcc/pic32mx/4.5.2/../../../../pic32mx/lib\libpic32.a(default-on-bootstrap.o)
 .debug_frame   0x00000c20       0x28 c:/program files (x86)/microchip/xc32/v1.30/bin/../lib/gcc/pic32mx/4.5.2/../../../../pic32mx/lib\libpic32.a(default-general-exception-handler.o)
 .debug_frame   0x00000c48       0x20 c:/program files (x86)/microchip/xc32/v1.30/bin/../lib/gcc/pic32mx/4.5.2/../../../../pic32mx/lib\libpic32.a(defaultinterrupt.o)
 .debug_frame   0x00000c68       0x28 c:/program files (x86)/microchip/xc32/v1.30/bin/../lib/gcc/pic32mx/4.5.2/../../../../pic32mx/lib\libc.a(printf_cdfFnopuxX.eo)
 .debug_frame   0x00000c90       0x58 c:/program files (x86)/microchip/xc32/v1.30/bin/../lib/gcc/pic32mx/4.5.2/../../../../pic32mx/lib\libc.a(doprnt_cdfFnopuxX.eo)
 .debug_frame   0x00000ce8       0x2c c:/program files (x86)/microchip/xc32/v1.30/bin/../lib/gcc/pic32mx/4.5.2/../../../../pic32mx/lib\libc.a(_fputc_simple.o)
 .debug_frame   0x00000d14       0x28 c:/program files (x86)/microchip/xc32/v1.30/bin/../lib/gcc/pic32mx/4.5.2/../../../../pic32mx/lib\libc.a(_flsbuf_simple.o)
 .debug_frame   0x00000d3c       0x28 c:/program files (x86)/microchip/xc32/v1.30/bin/../lib/gcc/pic32mx/4.5.2/../../../../pic32mx/lib\libpic32.a(write.o)
 .debug_frame   0x00000d64       0x20 c:/program files (x86)/microchip/xc32/v1.30/bin/../lib/gcc/pic32mx/4.5.2/../../../../pic32mx/lib\libe.a(_floatdisf.o)
 .debug_frame   0x00000d84       0x2c c:/program files (x86)/microchip/xc32/v1.30/bin/../lib/gcc/pic32mx/4.5.2\libgcc.a(_floatundisf.o)
 .debug_frame   0x00000db0       0x20 c:/program files (x86)/microchip/xc32/v1.30/bin/../lib/gcc/pic32mx/4.5.2\libgcc.a(_udivdi3.o)
 .debug_frame   0x00000dd0       0x20 c:/program files (x86)/microchip/xc32/v1.30/bin/../lib/gcc/pic32mx/4.5.2\libgcc.a(_umoddi3.o)

.debug_str      0x00000000      0x46d
 *(.debug_str)
 .debug_str     0x00000000       0x41 build/default/production/TestHarness.o
 .debug_str     0x00000041       0x2f build/default/production/_ext/1472/MotorDriver.o
 .debug_str     0x00000070       0x67 build/default/production/_ext/1472/AD.o
 .debug_str     0x000000d7      0x11f build/default/production/_ext/1472/BOARD.o
 .debug_str     0x000001f6       0x29 build/default/production/_ext/1472/BotConfig.o
 .debug_str     0x0000021f       0xc2 build/default/production/_ext/1472/IO_Ports.o
 .debug_str     0x000002e1       0x8a build/default/production/_ext/1472/pwm.o
 .debug_str     0x0000036b       0xd0 build/default/production/_ext/1472/serial.o
 .debug_str     0x0000043b       0x32 build/default/production/_ext/1472/timers.o
 .debug_str     0x0000046d        0x0 c:/program files (x86)/microchip/xc32/v1.30/bin/../lib/gcc/pic32mx/4.5.2/../../../../pic32mx/lib\libmchp_peripheral_32MX320F128H.a(int_configure_system_lib.o)
 .debug_str     0x0000046d        0x0 c:/program files (x86)/microchip/xc32/v1.30/bin/../lib/gcc/pic32mx/4.5.2/../../../../pic32mx/lib\libmchp_peripheral_32MX320F128H.a(int_enable_interrupts_lib.o)
 .debug_str     0x0000046d        0x0 c:/program files (x86)/microchip/xc32/v1.30/bin/../lib/gcc/pic32mx/4.5.2/../../../../pic32mx/lib\libmchp_peripheral_32MX320F128H.a(int_tbl_lib.o)
 .debug_str     0x0000046d        0x0 c:/program files (x86)/microchip/xc32/v1.30/bin/../lib/gcc/pic32mx/4.5.2/../../../../pic32mx/lib\libmchp_peripheral_32MX320F128H.a(power_sleep_lib.o)
 .debug_str     0x0000046d        0x0 c:/program files (x86)/microchip/xc32/v1.30/bin/../lib/gcc/pic32mx/4.5.2/../../../../pic32mx/lib\libmchp_peripheral_32MX320F128H.a(port_set_pins_digital_in_lib.o)
 .debug_str     0x0000046d        0x0 c:/program files (x86)/microchip/xc32/v1.30/bin/../lib/gcc/pic32mx/4.5.2/../../../../pic32mx/lib\libmchp_peripheral_32MX320F128H.a(_ports_tbl_libp.o)
 .debug_str     0x0000046d        0x0 c:/program files (x86)/microchip/xc32/v1.30/bin/../lib/gcc/pic32mx/4.5.2/../../../../pic32mx/lib\libmchp_peripheral_32MX320F128H.a(uart_lib.o)
 .debug_str     0x0000046d        0x0 c:/program files (x86)/microchip/xc32/v1.30/bin/../lib/gcc/pic32mx/4.5.2/../../../../pic32mx/lib\libmchp_peripheral_32MX320F128H.a(int_disable_interrupts_lib.o)
 .debug_str     0x0000046d        0x0 c:/program files (x86)/microchip/xc32/v1.30/bin/../lib/gcc/pic32mx/4.5.2/../../../../pic32mx/lib\libmchp_peripheral_32MX320F128H.a(int_restore_interrupts_lib.o)
 .debug_str     0x0000046d        0x0 c:/program files (x86)/microchip/xc32/v1.30/bin/../lib/gcc/pic32mx/4.5.2\libgcc.a(floatunsisf.o)
 .debug_str     0x0000046d        0x0 c:/program files (x86)/microchip/xc32/v1.30/bin/../lib/gcc/pic32mx/4.5.2/../../../../pic32mx/lib\libpic32.a(default-bootstrap-exception-handler.o)
 .debug_str     0x0000046d        0x0 c:/program files (x86)/microchip/xc32/v1.30/bin/../lib/gcc/pic32mx/4.5.2/../../../../pic32mx/lib\libpic32.a(default-on-reset.o)
 .debug_str     0x0000046d        0x0 c:/program files (x86)/microchip/xc32/v1.30/bin/../lib/gcc/pic32mx/4.5.2/../../../../pic32mx/lib\libpic32.a(default-on-bootstrap.o)
 .debug_str     0x0000046d        0x0 c:/program files (x86)/microchip/xc32/v1.30/bin/../lib/gcc/pic32mx/4.5.2/../../../../pic32mx/lib\libpic32.a(default-general-exception-handler.o)
 .debug_str     0x0000046d        0x0 c:/program files (x86)/microchip/xc32/v1.30/bin/../lib/gcc/pic32mx/4.5.2/../../../../pic32mx/lib\libpic32.a(defaultinterrupt.o)
 .debug_str     0x0000046d        0x0 c:/program files (x86)/microchip/xc32/v1.30/bin/../lib/gcc/pic32mx/4.5.2/../../../../pic32mx/lib\libc.a(printf_cdfFnopuxX.eo)
 .debug_str     0x0000046d        0x0 c:/program files (x86)/microchip/xc32/v1.30/bin/../lib/gcc/pic32mx/4.5.2/../../../../pic32mx/lib\libc.a(_iob.o)
 .debug_str     0x0000046d        0x0 c:/program files (x86)/microchip/xc32/v1.30/bin/../lib/gcc/pic32mx/4.5.2/../../../../pic32mx/lib\libc.a(doprnt_cdfFnopuxX.eo)
 .debug_str     0x0000046d        0x0 c:/program files (x86)/microchip/xc32/v1.30/bin/../lib/gcc/pic32mx/4.5.2/../../../../pic32mx/lib\libc.a(_fputc_simple.o)
 .debug_str     0x0000046d        0x0 c:/program files (x86)/microchip/xc32/v1.30/bin/../lib/gcc/pic32mx/4.5.2/../../../../pic32mx/lib\libc.a(ctype.o)
 .debug_str     0x0000046d        0x0 c:/program files (x86)/microchip/xc32/v1.30/bin/../lib/gcc/pic32mx/4.5.2/../../../../pic32mx/lib\libc.a(powersf.o)
 .debug_str     0x0000046d        0x0 c:/program files (x86)/microchip/xc32/v1.30/bin/../lib/gcc/pic32mx/4.5.2/../../../../pic32mx/lib\libc.a(_flsbuf_simple.o)
 .debug_str     0x0000046d        0x0 c:/program files (x86)/microchip/xc32/v1.30/bin/../lib/gcc/pic32mx/4.5.2/../../../../pic32mx/lib\libpic32.a(write.o)
 .debug_str     0x0000046d        0x0 c:/program files (x86)/microchip/xc32/v1.30/bin/../lib/gcc/pic32mx/4.5.2/../../../../pic32mx/lib\libe.a(_floatdisf.o)
 .debug_str     0x0000046d        0x0 c:/program files (x86)/microchip/xc32/v1.30/bin/../lib/gcc/pic32mx/4.5.2\libgcc.a(_floatundisf.o)
 .debug_str     0x0000046d        0x0 c:/program files (x86)/microchip/xc32/v1.30/bin/../lib/gcc/pic32mx/4.5.2\libgcc.a(_udivdi3.o)
 .debug_str     0x0000046d        0x0 c:/program files (x86)/microchip/xc32/v1.30/bin/../lib/gcc/pic32mx/4.5.2\libgcc.a(_umoddi3.o)

.debug_loc      0x00000000     0x1440
 *(.debug_loc)
 .debug_loc     0x00000000       0x68 c:/program files (x86)/microchip/xc32/v1.30/bin/../lib/gcc/pic32mx/4.5.2\libgcc.a(floatunsisf.o)
 .debug_loc     0x00000068       0xc9 c:/program files (x86)/microchip/xc32/v1.30/bin/../lib/gcc/pic32mx/4.5.2\libgcc.a(_floatundisf.o)
 .debug_loc     0x00000131      0x9f9 c:/program files (x86)/microchip/xc32/v1.30/bin/../lib/gcc/pic32mx/4.5.2\libgcc.a(_udivdi3.o)
 .debug_loc     0x00000b2a      0x916 c:/program files (x86)/microchip/xc32/v1.30/bin/../lib/gcc/pic32mx/4.5.2\libgcc.a(_umoddi3.o)

.debug_macinfo
 *(.debug_macinfo)

.debug_weaknames
 *(.debug_weaknames)

.debug_funcnames
 *(.debug_funcnames)

.debug_typenames
 *(.debug_typenames)

.debug_varnames
 *(.debug_varnames)

.debug_pubtypes
                0x00000000      0x4d2
 *(.debug_pubtypes)
 .debug_pubtypes
                0x00000000       0x33 build/default/production/TestHarness.o
 .debug_pubtypes
                0x00000033       0x33 build/default/production/_ext/1472/MotorDriver.o
 .debug_pubtypes
                0x00000066       0x69 build/default/production/_ext/1472/AD.o
 .debug_pubtypes
                0x000000cf       0x96 build/default/production/_ext/1472/BOARD.o
 .debug_pubtypes
                0x00000165       0x33 build/default/production/_ext/1472/BotConfig.o
 .debug_pubtypes
                0x00000198       0xcb build/default/production/_ext/1472/IO_Ports.o
 .debug_pubtypes
                0x00000263       0x3d build/default/production/_ext/1472/pwm.o
 .debug_pubtypes
                0x000002a0       0xd9 build/default/production/_ext/1472/serial.o
 .debug_pubtypes
                0x00000379       0x33 build/default/production/_ext/1472/timers.o
 .debug_pubtypes
                0x000003ac       0x34 c:/program files (x86)/microchip/xc32/v1.30/bin/../lib/gcc/pic32mx/4.5.2\libgcc.a(floatunsisf.o)
 .debug_pubtypes
                0x000003e0       0x40 c:/program files (x86)/microchip/xc32/v1.30/bin/../lib/gcc/pic32mx/4.5.2\libgcc.a(_floatundisf.o)
 .debug_pubtypes
                0x00000420       0x59 c:/program files (x86)/microchip/xc32/v1.30/bin/../lib/gcc/pic32mx/4.5.2\libgcc.a(_udivdi3.o)
 .debug_pubtypes
                0x00000479       0x59 c:/program files (x86)/microchip/xc32/v1.30/bin/../lib/gcc/pic32mx/4.5.2\libgcc.a(_umoddi3.o)

.debug_ranges   0x00000000       0xf8
 *(.debug_ranges)
 .debug_ranges  0x00000000       0x10 c:/program files (x86)/microchip/xc32/v1.30/bin/../lib/gcc/pic32mx/4.5.2/../../../../pic32mx/lib\libmchp_peripheral_32MX320F128H.a(int_configure_system_lib.o)
 .debug_ranges  0x00000010       0x10 c:/program files (x86)/microchip/xc32/v1.30/bin/../lib/gcc/pic32mx/4.5.2/../../../../pic32mx/lib\libmchp_peripheral_32MX320F128H.a(int_enable_interrupts_lib.o)
 .debug_ranges  0x00000020       0x50 c:/program files (x86)/microchip/xc32/v1.30/bin/../lib/gcc/pic32mx/4.5.2/../../../../pic32mx/lib\libmchp_peripheral_32MX320F128H.a(int_tbl_lib.o)
 .debug_ranges  0x00000070       0x10 c:/program files (x86)/microchip/xc32/v1.30/bin/../lib/gcc/pic32mx/4.5.2/../../../../pic32mx/lib\libmchp_peripheral_32MX320F128H.a(power_sleep_lib.o)
 .debug_ranges  0x00000080       0x10 c:/program files (x86)/microchip/xc32/v1.30/bin/../lib/gcc/pic32mx/4.5.2/../../../../pic32mx/lib\libmchp_peripheral_32MX320F128H.a(port_set_pins_digital_in_lib.o)
 .debug_ranges  0x00000090       0x48 c:/program files (x86)/microchip/xc32/v1.30/bin/../lib/gcc/pic32mx/4.5.2/../../../../pic32mx/lib\libmchp_peripheral_32MX320F128H.a(uart_lib.o)
 .debug_ranges  0x000000d8       0x10 c:/program files (x86)/microchip/xc32/v1.30/bin/../lib/gcc/pic32mx/4.5.2/../../../../pic32mx/lib\libmchp_peripheral_32MX320F128H.a(int_disable_interrupts_lib.o)
 .debug_ranges  0x000000e8       0x10 c:/program files (x86)/microchip/xc32/v1.30/bin/../lib/gcc/pic32mx/4.5.2/../../../../pic32mx/lib\libmchp_peripheral_32MX320F128H.a(int_restore_interrupts_lib.o)

.gnu.attributes
                0x00000000       0x10
 *(.gnu.attributes)
 .gnu.attributes
                0x00000000       0x10 build/default/production/TestHarness.o
 .gnu.attributes
                0x00000010       0x10 build/default/production/_ext/1472/MotorDriver.o
 .gnu.attributes
                0x00000020       0x10 build/default/production/_ext/1472/AD.o
 .gnu.attributes
                0x00000030       0x10 build/default/production/_ext/1472/BOARD.o
 .gnu.attributes
                0x00000040       0x10 build/default/production/_ext/1472/BotConfig.o
 .gnu.attributes
                0x00000050       0x10 build/default/production/_ext/1472/IO_Ports.o
 .gnu.attributes
                0x00000060       0x10 build/default/production/_ext/1472/pwm.o
 .gnu.attributes
                0x00000070       0x10 build/default/production/_ext/1472/serial.o
 .gnu.attributes
                0x00000080       0x10 build/default/production/_ext/1472/timers.o
 .gnu.attributes
                0x00000090       0x10 c:/program files (x86)/microchip/xc32/v1.30/bin/../lib/gcc/pic32mx/4.5.2/../../../../pic32mx/lib\libmchp_peripheral_32MX320F128H.a(int_configure_system_lib.o)
 .gnu.attributes
                0x000000a0       0x10 c:/program files (x86)/microchip/xc32/v1.30/bin/../lib/gcc/pic32mx/4.5.2/../../../../pic32mx/lib\libmchp_peripheral_32MX320F128H.a(int_enable_interrupts_lib.o)
 .gnu.attributes
                0x000000b0       0x10 c:/program files (x86)/microchip/xc32/v1.30/bin/../lib/gcc/pic32mx/4.5.2/../../../../pic32mx/lib\libmchp_peripheral_32MX320F128H.a(int_tbl_lib.o)
 .gnu.attributes
                0x000000c0       0x10 c:/program files (x86)/microchip/xc32/v1.30/bin/../lib/gcc/pic32mx/4.5.2/../../../../pic32mx/lib\libmchp_peripheral_32MX320F128H.a(power_sleep_lib.o)
 .gnu.attributes
                0x000000d0       0x10 c:/program files (x86)/microchip/xc32/v1.30/bin/../lib/gcc/pic32mx/4.5.2/../../../../pic32mx/lib\libmchp_peripheral_32MX320F128H.a(port_set_pins_digital_in_lib.o)
 .gnu.attributes
                0x000000e0       0x10 c:/program files (x86)/microchip/xc32/v1.30/bin/../lib/gcc/pic32mx/4.5.2/../../../../pic32mx/lib\libmchp_peripheral_32MX320F128H.a(_ports_tbl_libp.o)
 .gnu.attributes
                0x000000f0       0x10 c:/program files (x86)/microchip/xc32/v1.30/bin/../lib/gcc/pic32mx/4.5.2/../../../../pic32mx/lib\libmchp_peripheral_32MX320F128H.a(uart_lib.o)
 .gnu.attributes
                0x00000100       0x10 c:/program files (x86)/microchip/xc32/v1.30/bin/../lib/gcc/pic32mx/4.5.2/../../../../pic32mx/lib\libmchp_peripheral_32MX320F128H.a(int_disable_interrupts_lib.o)
 .gnu.attributes
                0x00000110       0x10 c:/program files (x86)/microchip/xc32/v1.30/bin/../lib/gcc/pic32mx/4.5.2/../../../../pic32mx/lib\libmchp_peripheral_32MX320F128H.a(int_restore_interrupts_lib.o)
 .gnu.attributes
                0x00000120       0x10 c:/program files (x86)/microchip/xc32/v1.30/bin/../lib/gcc/pic32mx/4.5.2\libgcc.a(floatunsisf.o)
 .gnu.attributes
                0x00000130       0x10 c:/program files (x86)/microchip/xc32/v1.30/bin/../lib/gcc/pic32mx/4.5.2/../../../../pic32mx/lib\libpic32.a(default-bootstrap-exception-handler.o)
 .gnu.attributes
                0x00000140       0x10 c:/program files (x86)/microchip/xc32/v1.30/bin/../lib/gcc/pic32mx/4.5.2/../../../../pic32mx/lib\libpic32.a(default-on-reset.o)
 .gnu.attributes
                0x00000150       0x10 c:/program files (x86)/microchip/xc32/v1.30/bin/../lib/gcc/pic32mx/4.5.2/../../../../pic32mx/lib\libpic32.a(default-on-bootstrap.o)
 .gnu.attributes
                0x00000160       0x10 c:/program files (x86)/microchip/xc32/v1.30/bin/../lib/gcc/pic32mx/4.5.2/../../../../pic32mx/lib\libpic32.a(default-general-exception-handler.o)
 .gnu.attributes
                0x00000170       0x10 c:/program files (x86)/microchip/xc32/v1.30/bin/../lib/gcc/pic32mx/4.5.2/../../../../pic32mx/lib\libpic32.a(defaultinterrupt.o)
 .gnu.attributes